
Memory Configuration

Name             Origin             Length             Attributes
flash            0x00000000         0x00008000
ram              0x10000000         0x00002000
*default*        0x00000000         0xffffffff

Linker script and memory map

LOAD init.o
LOAD main.o
                0x00000000                . = ORIGIN (flash)

.text           0x00000000      0x228
 *(.vectors)
 .vectors       0x00000000       0xc0 init.o
                0x00000000                Vectors
 *(.text)
 .text          0x000000c0       0xd4 init.o
                0x000000c0                clock_init
                0x00000114                init
                0x0000018c                Default_Handler
 .text          0x00000194       0x94 main.o
                0x00000194                ConfigPins
                0x000001b0                delay
                0x000001ce                main

.glue_7         0x00000228        0x0
 .glue_7        0x00000228        0x0 linker stubs

.glue_7t        0x00000228        0x0
 .glue_7t       0x00000228        0x0 linker stubs

.vfp11_veneer   0x00000228        0x0
 .vfp11_veneer  0x00000228        0x0 linker stubs

.v4_bx          0x00000228        0x0
 .v4_bx         0x00000228        0x0 linker stubs

.iplt           0x00000228        0x0
 .iplt          0x00000228        0x0 init.o

.rel.dyn        0x00000228        0x0
 .rel.iplt      0x00000228        0x0 init.o
                0x10000000                . = ORIGIN (ram)

.data           0x10000000        0x0 load address 0x00000228
                0x00000228                INIT_DATA_VALUES = LOADADDR (.data)
                0x10000000                INIT_DATA_START = .
 *(.data)
 .data          0x10000000        0x0 init.o
 .data          0x10000000        0x0 main.o
                0x10000000                INIT_DATA_END = .
                0x10000000                BSS_START = .

.igot.plt       0x10000000        0x0 load address 0x00000228
 .igot.plt      0x10000000        0x0 init.o

.bss            0x10000000        0x0 load address 0x00000228
 *(.bss)
 .bss           0x10000000        0x0 init.o
 .bss           0x10000000        0x0 main.o
                0x10000000                BSS_END = .
OUTPUT(main.elf elf32-littlearm)
LOAD linker stubs

.debug_info     0x00000000      0x185
 .debug_info    0x00000000      0x107 init.o
 .debug_info    0x00000107       0x7e main.o

.debug_abbrev   0x00000000      0x15e
 .debug_abbrev  0x00000000       0xd5 init.o
 .debug_abbrev  0x000000d5       0x89 main.o

.debug_aranges  0x00000000       0x40
 .debug_aranges
                0x00000000       0x20 init.o
 .debug_aranges
                0x00000020       0x20 main.o

.debug_line     0x00000000      0x148
 .debug_line    0x00000000       0xac init.o
 .debug_line    0x000000ac       0x9c main.o

.debug_str      0x00000000      0x13c
 .debug_str     0x00000000      0x11f init.o
                                0x124 (size before relaxing)
 .debug_str     0x0000011f       0x1d main.o
                                 0xbf (size before relaxing)

.comment        0x00000000       0x49
 .comment       0x00000000       0x49 init.o
                                 0x4a (size before relaxing)
 .comment       0x00000049       0x4a main.o

.ARM.attributes
                0x00000000       0x2c
 .ARM.attributes
                0x00000000       0x2c init.o
 .ARM.attributes
                0x0000002c       0x2c main.o

.debug_frame    0x00000000       0xd0
 .debug_frame   0x00000000       0x68 init.o
 .debug_frame   0x00000068       0x68 main.o

Cross Reference Table

Symbol                                            File
BSS_END                                           init.o
BSS_START                                         init.o
ConfigPins                                        main.o
Default_Handler                                   init.o
INIT_DATA_END                                     init.o
INIT_DATA_START                                   init.o
INIT_DATA_VALUES                                  init.o
Vectors                                           init.o
clock_init                                        init.o
delay                                             main.o
init                                              init.o
main                                              main.o
                                                  init.o
