Archive member included to satisfy reference by file (symbol)

C:\Programs\GNU Tools ARM Embedded\10.3-2021.10\lib\gcc\arm-none-eabi\10.3.1\thumb\v6-m\nofp\libgcc.a(_divsi3.o)
                              serial.o (__aeabi_idiv)
C:\Programs\GNU Tools ARM Embedded\10.3-2021.10\lib\gcc\arm-none-eabi\10.3.1\thumb\v6-m\nofp\libgcc.a(_dvmd_tls.o)
                              C:\Programs\GNU Tools ARM Embedded\10.3-2021.10\lib\gcc\arm-none-eabi\10.3.1\thumb\v6-m\nofp\libgcc.a(_divsi3.o) (__aeabi_idiv0)
C:\Programs\GNU Tools ARM Embedded\10.3-2021.10\lib\gcc\arm-none-eabi\10.3.1\thumb\v6-m\nofp\libgcc.a(muldf3.o)
                              main.o (__aeabi_dmul)
C:\Programs\GNU Tools ARM Embedded\10.3-2021.10\lib\gcc\arm-none-eabi\10.3.1\thumb\v6-m\nofp\libgcc.a(floatsidf.o)
                              main.o (__aeabi_i2d)
C:\Programs\GNU Tools ARM Embedded\10.3-2021.10\lib\gcc\arm-none-eabi\10.3.1\thumb\v6-m\nofp\libgcc.a(_clzsi2.o)
                              C:\Programs\GNU Tools ARM Embedded\10.3-2021.10\lib\gcc\arm-none-eabi\10.3.1\thumb\v6-m\nofp\libgcc.a(muldf3.o) (__clzsi2)
C:\Programs\GNU Tools ARM Embedded\10.3-2021.10\arm-none-eabi\lib\thumb\v6-m\nofp\libc_nano.a(lib_a-nano-vfprintf_float.o)
                              (_printf_float)
C:\Programs\GNU Tools ARM Embedded\10.3-2021.10\arm-none-eabi\lib\thumb\v6-m\nofp\libc_nano.a(lib_a-nano-vfprintf_i.o)
                              C:\Programs\GNU Tools ARM Embedded\10.3-2021.10\arm-none-eabi\lib\thumb\v6-m\nofp\libc_nano.a(lib_a-nano-vfprintf_float.o) (_printf_common)
C:\Programs\GNU Tools ARM Embedded\10.3-2021.10\arm-none-eabi\lib\thumb\v6-m\nofp\libc_nano.a(lib_a-printf.o)
                              main.o (printf)
C:\Programs\GNU Tools ARM Embedded\10.3-2021.10\arm-none-eabi\lib\thumb\v6-m\nofp\libc_nano.a(lib_a-puts.o)
                              main.o (puts)
C:\Programs\GNU Tools ARM Embedded\10.3-2021.10\arm-none-eabi\lib\thumb\v6-m\nofp\libc_nano.a(lib_a-reent.o)
                              newlib_stubs.o (errno)
C:\Programs\GNU Tools ARM Embedded\10.3-2021.10\arm-none-eabi\lib\thumb\v6-m\nofp\libc_nano.a(lib_a-strlen.o)
                              C:\Programs\GNU Tools ARM Embedded\10.3-2021.10\arm-none-eabi\lib\thumb\v6-m\nofp\libc_nano.a(lib_a-nano-vfprintf_float.o) (strlen)
C:\Programs\GNU Tools ARM Embedded\10.3-2021.10\arm-none-eabi\lib\thumb\v6-m\nofp\libc_nano.a(lib_a-wbuf.o)
                              C:\Programs\GNU Tools ARM Embedded\10.3-2021.10\arm-none-eabi\lib\thumb\v6-m\nofp\libc_nano.a(lib_a-puts.o) (__swbuf_r)
C:\Programs\GNU Tools ARM Embedded\10.3-2021.10\arm-none-eabi\lib\thumb\v6-m\nofp\libc_nano.a(lib_a-wsetup.o)
                              C:\Programs\GNU Tools ARM Embedded\10.3-2021.10\arm-none-eabi\lib\thumb\v6-m\nofp\libc_nano.a(lib_a-puts.o) (__swsetup_r)
C:\Programs\GNU Tools ARM Embedded\10.3-2021.10\arm-none-eabi\lib\thumb\v6-m\nofp\libc_nano.a(lib_a-dtoa.o)
                              C:\Programs\GNU Tools ARM Embedded\10.3-2021.10\arm-none-eabi\lib\thumb\v6-m\nofp\libc_nano.a(lib_a-nano-vfprintf_float.o) (_dtoa_r)
C:\Programs\GNU Tools ARM Embedded\10.3-2021.10\arm-none-eabi\lib\thumb\v6-m\nofp\libc_nano.a(lib_a-fflush.o)
                              C:\Programs\GNU Tools ARM Embedded\10.3-2021.10\arm-none-eabi\lib\thumb\v6-m\nofp\libc_nano.a(lib_a-wbuf.o) (_fflush_r)
C:\Programs\GNU Tools ARM Embedded\10.3-2021.10\arm-none-eabi\lib\thumb\v6-m\nofp\libc_nano.a(lib_a-findfp.o)
                              C:\Programs\GNU Tools ARM Embedded\10.3-2021.10\arm-none-eabi\lib\thumb\v6-m\nofp\libc_nano.a(lib_a-printf.o) (__sinit)
C:\Programs\GNU Tools ARM Embedded\10.3-2021.10\arm-none-eabi\lib\thumb\v6-m\nofp\libc_nano.a(lib_a-fwalk.o)
                              C:\Programs\GNU Tools ARM Embedded\10.3-2021.10\arm-none-eabi\lib\thumb\v6-m\nofp\libc_nano.a(lib_a-findfp.o) (_fwalk)
C:\Programs\GNU Tools ARM Embedded\10.3-2021.10\arm-none-eabi\lib\thumb\v6-m\nofp\libc_nano.a(lib_a-impure.o)
                              C:\Programs\GNU Tools ARM Embedded\10.3-2021.10\arm-none-eabi\lib\thumb\v6-m\nofp\libc_nano.a(lib_a-fflush.o) (_global_impure_ptr)
C:\Programs\GNU Tools ARM Embedded\10.3-2021.10\arm-none-eabi\lib\thumb\v6-m\nofp\libc_nano.a(lib_a-localeconv.o)
                              C:\Programs\GNU Tools ARM Embedded\10.3-2021.10\arm-none-eabi\lib\thumb\v6-m\nofp\libc_nano.a(lib_a-nano-vfprintf_float.o) (_localeconv_r)
C:\Programs\GNU Tools ARM Embedded\10.3-2021.10\arm-none-eabi\lib\thumb\v6-m\nofp\libc_nano.a(lib_a-lock.o)
                              C:\Programs\GNU Tools ARM Embedded\10.3-2021.10\arm-none-eabi\lib\thumb\v6-m\nofp\libc_nano.a(lib_a-findfp.o) (__retarget_lock_init_recursive)
C:\Programs\GNU Tools ARM Embedded\10.3-2021.10\arm-none-eabi\lib\thumb\v6-m\nofp\libc_nano.a(lib_a-makebuf.o)
                              C:\Programs\GNU Tools ARM Embedded\10.3-2021.10\arm-none-eabi\lib\thumb\v6-m\nofp\libc_nano.a(lib_a-wsetup.o) (__smakebuf_r)
[...]
Memory Configuration

Name             Origin             Length             Attributes
flash            0x00000000         0x00008000
ram              0x10000000         0x00002000
*default*        0x00000000         0xffffffff

Linker script and memory map

LOAD init.o
LOAD main.o
LOAD serial.o
LOAD newlib_stubs.o
LOAD C:\Programs\GNU Tools ARM Embedded\10.3-2021.10\lib\gcc\arm-none-eabi\10.3.1\thumb\v6-m\nofp\libgcc.a
                0x00000400                stack_size = 0x400
                0x00000400                heap_size = 0x400
                [!provide]                PROVIDE (_stack_start = (ORIGIN (ram) + LENGTH (ram)))
                [!provide]                PROVIDE (_stack_end = (_stack_start - stack_size))
                [!provide]                PROVIDE (_heap_start = (_stack_end - heap_size))
START GROUP
LOAD C:\Programs\GNU Tools ARM Embedded\10.3-2021.10\lib\gcc\arm-none-eabi\10.3.1\thumb\v6-m\nofp\libgcc.a
LOAD C:\Programs\GNU Tools ARM Embedded\10.3-2021.10\arm-none-eabi\lib\thumb\v6-m\nofp\libc_nano.a
LOAD C:\Programs\GNU Tools ARM Embedded\10.3-2021.10\arm-none-eabi\lib\thumb\v6-m\nofp\libm.a
END GROUP
                0x00000000                . = ORIGIN (flash)

.vectors        0x00000000       0xc0
 *o(.vectors_)
 .vectors       0x00000000       0xc0 init.o
                0x00000000                Vectors

.text           0x000000c0     0x64b4
                0x000000c0                . = ALIGN (0x4)
                0x000000c0                _start_text = .
 *(.text)
 .text          0x000000c0       0xe4 init.o
                0x000000c0                clock_init
                0x00000114                init
                0x0000018c                Default_Handler
                0x00000192                Test_Handler
 .text          0x000001a4      0x188 main.o
                0x000001a4                wait_1ms
                0x000001e4                waitms
                0x00000206                ConfigPins
                0x00000224                main
 .text          0x0000032c      0x394 serial.o
                0x0000032c                initUART
                0x0000041c                UART0_isr
                0x00000454                putBuf
                0x0000049c                getBuf
                0x000004ec                rx_count
                0x00000500                eputc
                0x00000544                eputs
                0x00000570                egetc
                0x00000588                egets
                0x00000600                printString
                0x00000624                PrintNumber
 .text          0x000006c0      0x2c4 newlib_stubs.o
                0x000006c0                _exit
                0x000006ca                _close
                0x000006de                _execve
                0x00000700                _fork
                0x00000718                _fstat
                0x00000734                _getpid
                0x00000740                _isatty
                0x00000768                _kill
                0x00000788                _link
                0x000007a8                _lseek
                0x000007be                _sbrk
                0x00000834                _read
                0x00000898                _stat
                0x000008b4                _times
                0x000008c8                _unlink
                0x000008e8                _wait
                0x00000908                _write
 .text          0x00000984      0x1d4 C:\Programs\GNU Tools ARM Embedded\10.3-2021.10\lib\gcc\arm-none-eabi\10.3.1\thumb\v6-m\nofp\libgcc.a(_divsi3.o)
                0x00000984                __divsi3
                0x00000984                __aeabi_idiv
                0x00000b50                __aeabi_idivmod
 .text          0x00000b58        0x4 C:\Programs\GNU Tools ARM Embedded\10.3-2021.10\lib\gcc\arm-none-eabi\10.3.1\thumb\v6-m\nofp\libgcc.a(_dvmd_tls.o)
                0x00000b58                __aeabi_idiv0
                0x00000b58                __aeabi_ldiv0
 .text          0x00000b5c      0x4d8 C:\Programs\GNU Tools ARM Embedded\10.3-2021.10\lib\gcc\arm-none-eabi\10.3.1\thumb\v6-m\nofp\libgcc.a(muldf3.o)
                0x00000b5c                __aeabi_dmul
 .text          0x00001034       0x60 C:\Programs\GNU Tools ARM Embedded\10.3-2021.10\lib\gcc\arm-none-eabi\10.3.1\thumb\v6-m\nofp\libgcc.a(floatsidf.o)
                0x00001034                __aeabi_i2d
 .text          0x00001094       0x3c C:\Programs\GNU Tools ARM Embedded\10.3-2021.10\lib\gcc\arm-none-eabi\10.3.1\thumb\v6-m\nofp\libgcc.a(_clzsi2.o)
                0x00001094                __clzsi2
 .text          0x000010d0        0x0 C:\Programs\GNU Tools ARM Embedded\10.3-2021.10\arm-none-eabi\lib\thumb\v6-m\nofp\libc_nano.a(lib_a-nano-vfprintf_float.o)
 .text          0x000010d0        0x0 C:\Programs\GNU Tools ARM Embedded\10.3-2021.10\arm-none-eabi\lib\thumb\v6-m\nofp\libc_nano.a(lib_a-nano-vfprintf_i.o)
 .text          0x000010d0        0x0 C:\Programs\GNU Tools ARM Embedded\10.3-2021.10\arm-none-eabi\lib\thumb\v6-m\nofp\libc_nano.a(lib_a-printf.o)
 .text          0x000010d0        0x0 C:\Programs\GNU Tools ARM Embedded\10.3-2021.10\arm-none-eabi\lib\thumb\v6-m\nofp\libc_nano.a(lib_a-puts.o)
 .text          0x000010d0        0x0 C:\Programs\GNU Tools ARM Embedded\10.3-2021.10\arm-none-eabi\lib\thumb\v6-m\nofp\libc_nano.a(lib_a-reent.o)
 .text          0x000010d0        0xe C:\Programs\GNU Tools ARM Embedded\10.3-2021.10\arm-none-eabi\lib\thumb\v6-m\nofp\libc_nano.a(lib_a-strlen.o)
                0x000010d0                strlen
 .text          0x000010de        0x0 C:\Programs\GNU Tools ARM Embedded\10.3-2021.10\arm-none-eabi\lib\thumb\v6-m\nofp\libc_nano.a(lib_a-wbuf.o)
 .text          0x000010de        0x0 C:\Programs\GNU Tools ARM Embedded\10.3-2021.10\arm-none-eabi\lib\thumb\v6-m\nofp\libc_nano.a(lib_a-wsetup.o)
 .text          0x000010de        0x0 C:\Programs\GNU Tools ARM Embedded\10.3-2021.10\arm-none-eabi\lib\thumb\v6-m\nofp\libc_nano.a(lib_a-dtoa.o)
 .text          0x000010de        0x0 C:\Programs\GNU Tools ARM Embedded\10.3-2021.10\arm-none-eabi\lib\thumb\v6-m\nofp\libc_nano.a(lib_a-fflush.o)
 .text          0x000010de        0x0 C:\Programs\GNU Tools ARM Embedded\10.3-2021.10\arm-none-eabi\lib\thumb\v6-m\nofp\libc_nano.a(lib_a-findfp.o)
 .text          0x000010de        0x0 C:\Programs\GNU Tools ARM Embedded\10.3-2021.10\arm-none-eabi\lib\thumb\v6-m\nofp\libc_nano.a(lib_a-fwalk.o)
 .text          0x000010de        0x0 C:\Programs\GNU Tools ARM Embedded\10.3-2021.10\arm-none-eabi\lib\thumb\v6-m\nofp\libc_nano.a(lib_a-impure.o)
 .text          0x000010de        0x0 C:\Programs\GNU Tools ARM Embedded\10.3-2021.10\arm-none-eabi\lib\thumb\v6-m\nofp\libc_nano.a(lib_a-localeconv.o)
 .text          0x000010de        0x0 C:\Programs\GNU Tools ARM Embedded\10.3-2021.10\arm-none-eabi\lib\thumb\v6-m\nofp\libc_nano.a(lib_a-lock.o)
 .text          0x000010de        0x0 C:\Programs\GNU Tools ARM Embedded\10.3-2021.10\arm-none-eabi\lib\thumb\v6-m\nofp\libc_nano.a(lib_a-makebuf.o)
 .text          0x000010de        0x0 C:\Programs\GNU Tools ARM Embedded\10.3-2021.10\arm-none-eabi\lib\thumb\v6-m\nofp\libc_nano.a(lib_a-malloc.o)
 .text          0x000010de        0x0 C:\Programs\GNU Tools ARM Embedded\10.3-2021.10\arm-none-eabi\lib\thumb\v6-m\nofp\libc_nano.a(lib_a-memchr-stub.o)
 .text          0x000010de        0x0 C:\Programs\GNU Tools ARM Embedded\10.3-2021.10\arm-none-eabi\lib\thumb\v6-m\nofp\libc_nano.a(lib_a-memcpy-stub.o)
 .text          0x000010de        0x0 C:\Programs\GNU Tools ARM Embedded\10.3-2021.10\arm-none-eabi\lib\thumb\v6-m\nofp\libc_nano.a(lib_a-memset.o)
 .text          0x000010de        0x0 C:\Programs\GNU Tools ARM Embedded\10.3-2021.10\arm-none-eabi\lib\thumb\v6-m\nofp\libc_nano.a(lib_a-mprec.o)
 .text          0x000010de        0x0 C:\Programs\GNU Tools ARM Embedded\10.3-2021.10\arm-none-eabi\lib\thumb\v6-m\nofp\libc_nano.a(lib_a-nano-callocr.o)
 .text          0x000010de        0x0 C:\Programs\GNU Tools ARM Embedded\10.3-2021.10\arm-none-eabi\lib\thumb\v6-m\nofp\libc_nano.a(lib_a-nano-freer.o)
 .text          0x000010de        0x0 C:\Programs\GNU Tools ARM Embedded\10.3-2021.10\arm-none-eabi\lib\thumb\v6-m\nofp\libc_nano.a(lib_a-nano-mallocr.o)
 .text          0x000010de        0x0 C:\Programs\GNU Tools ARM Embedded\10.3-2021.10\arm-none-eabi\lib\thumb\v6-m\nofp\libc_nano.a(lib_a-nano-vfprintf.o)
 .text          0x000010de        0x0 C:\Programs\GNU Tools ARM Embedded\10.3-2021.10\arm-none-eabi\lib\thumb\v6-m\nofp\libc_nano.a(lib_a-sbrkr.o)
 .text          0x000010de        0x0 C:\Programs\GNU Tools ARM Embedded\10.3-2021.10\arm-none-eabi\lib\thumb\v6-m\nofp\libc_nano.a(lib_a-stdio.o)
 .text          0x000010de        0x0 C:\Programs\GNU Tools ARM Embedded\10.3-2021.10\arm-none-eabi\lib\thumb\v6-m\nofp\libc_nano.a(lib_a-writer.o)
 .text          0x000010de        0x0 C:\Programs\GNU Tools ARM Embedded\10.3-2021.10\arm-none-eabi\lib\thumb\v6-m\nofp\libc_nano.a(lib_a-assert.o)
 .text          0x000010de        0x0 C:\Programs\GNU Tools ARM Embedded\10.3-2021.10\arm-none-eabi\lib\thumb\v6-m\nofp\libc_nano.a(lib_a-closer.o)
 .text          0x000010de        0x0 C:\Programs\GNU Tools ARM Embedded\10.3-2021.10\arm-none-eabi\lib\thumb\v6-m\nofp\libc_nano.a(lib_a-fprintf.o)
 .text          0x000010de        0x0 C:\Programs\GNU Tools ARM Embedded\10.3-2021.10\arm-none-eabi\lib\thumb\v6-m\nofp\libc_nano.a(lib_a-fstatr.o)
 .text          0x000010de        0x0 C:\Programs\GNU Tools ARM Embedded\10.3-2021.10\arm-none-eabi\lib\thumb\v6-m\nofp\libc_nano.a(lib_a-fvwrite.o)
 .text          0x000010de        0x0 C:\Programs\GNU Tools ARM Embedded\10.3-2021.10\arm-none-eabi\lib\thumb\v6-m\nofp\libc_nano.a(lib_a-isattyr.o)
 .text          0x000010de        0x0 C:\Programs\GNU Tools ARM Embedded\10.3-2021.10\arm-none-eabi\lib\thumb\v6-m\nofp\libc_nano.a(lib_a-locale.o)
 .text          0x000010de        0x0 C:\Programs\GNU Tools ARM Embedded\10.3-2021.10\arm-none-eabi\lib\thumb\v6-m\nofp\libc_nano.a(lib_a-lseekr.o)
 .text          0x000010de        0x0 C:\Programs\GNU Tools ARM Embedded\10.3-2021.10\arm-none-eabi\lib\thumb\v6-m\nofp\libc_nano.a(lib_a-mbtowc_r.o)
 .text          0x000010de        0x0 C:\Programs\GNU Tools ARM Embedded\10.3-2021.10\arm-none-eabi\lib\thumb\v6-m\nofp\libc_nano.a(lib_a-memmove.o)
 .text          0x000010de        0x0 C:\Programs\GNU Tools ARM Embedded\10.3-2021.10\arm-none-eabi\lib\thumb\v6-m\nofp\libc_nano.a(lib_a-mlock.o)
 .text          0x000010de        0x0 C:\Programs\GNU Tools ARM Embedded\10.3-2021.10\arm-none-eabi\lib\thumb\v6-m\nofp\libc_nano.a(lib_a-nano-reallocr.o)
 .text          0x000010de        0x0 C:\Programs\GNU Tools ARM Embedded\10.3-2021.10\arm-none-eabi\lib\thumb\v6-m\nofp\libc_nano.a(lib_a-readr.o)
 .text          0x000010de       0x14 C:\Programs\GNU Tools ARM Embedded\10.3-2021.10\arm-none-eabi\lib\thumb\v6-m\nofp\libc_nano.a(lib_a-strcmp.o)
                0x000010de                strcmp
 .text          0x000010f2        0x0 C:\Programs\GNU Tools ARM Embedded\10.3-2021.10\arm-none-eabi\lib\thumb\v6-m\nofp\libc_nano.a(lib_a-wctomb_r.o)
 .text          0x000010f2        0x0 C:\Programs\GNU Tools ARM Embedded\10.3-2021.10\arm-none-eabi\lib\thumb\v6-m\nofp\libc_nano.a(lib_a-abort.o)
 .text          0x000010f2        0x0 C:\Programs\GNU Tools ARM Embedded\10.3-2021.10\arm-none-eabi\lib\thumb\v6-m\nofp\libc_nano.a(lib_a-ctype_.o)
 .text          0x000010f2        0x0 C:\Programs\GNU Tools ARM Embedded\10.3-2021.10\arm-none-eabi\lib\thumb\v6-m\nofp\libc_nano.a(lib_a-nano-msizer.o)
 .text          0x000010f2        0x0 C:\Programs\GNU Tools ARM Embedded\10.3-2021.10\arm-none-eabi\lib\thumb\v6-m\nofp\libc_nano.a(lib_a-signal.o)
 .text          0x000010f2        0x0 C:\Programs\GNU Tools ARM Embedded\10.3-2021.10\arm-none-eabi\lib\thumb\v6-m\nofp\libc_nano.a(lib_a-signalr.o)
 *fill*         0x000010f2        0x2 
 .text          0x000010f4       0x14 C:\Programs\GNU Tools ARM Embedded\10.3-2021.10\lib\gcc\arm-none-eabi\10.3.1\thumb\v6-m\nofp\libgcc.a(_thumb1_case_uqi.o)
                0x000010f4                __gnu_thumb1_case_uqi
 .text          0x00001108       0x14 C:\Programs\GNU Tools ARM Embedded\10.3-2021.10\lib\gcc\arm-none-eabi\10.3.1\thumb\v6-m\nofp\libgcc.a(_thumb1_case_shi.o)
                0x00001108                __gnu_thumb1_case_shi
 .text          0x0000111c      0x114 C:\Programs\GNU Tools ARM Embedded\10.3-2021.10\lib\gcc\arm-none-eabi\10.3.1\thumb\v6-m\nofp\libgcc.a(_udivsi3.o)
                0x0000111c                __aeabi_uidiv
                0x0000111c                __udivsi3
                0x00001228                __aeabi_uidivmod
 .text          0x00001230       0x7c C:\Programs\GNU Tools ARM Embedded\10.3-2021.10\lib\gcc\arm-none-eabi\10.3.1\thumb\v6-m\nofp\libgcc.a(_arm_cmpdf2.o)
                0x00001230                __aeabi_cdrcmple
                0x00001240                __aeabi_cdcmple
                0x00001240                __aeabi_cdcmpeq
                0x00001250                __aeabi_dcmpeq
                0x0000125c                __aeabi_dcmplt
                0x00001270                __aeabi_dcmple
                0x00001284                __aeabi_dcmpgt
                0x00001298                __aeabi_dcmpge
 .text          0x000012ac      0x678 C:\Programs\GNU Tools ARM Embedded\10.3-2021.10\lib\gcc\arm-none-eabi\10.3.1\thumb\v6-m\nofp\libgcc.a(adddf3.o)
                0x000012ac                __aeabi_dadd
 .text          0x00001924      0x5ec C:\Programs\GNU Tools ARM Embedded\10.3-2021.10\lib\gcc\arm-none-eabi\10.3.1\thumb\v6-m\nofp\libgcc.a(divdf3.o)
                0x00001924                __aeabi_ddiv
 .text          0x00001f10       0x84 C:\Programs\GNU Tools ARM Embedded\10.3-2021.10\lib\gcc\arm-none-eabi\10.3.1\thumb\v6-m\nofp\libgcc.a(eqdf2.o)
                0x00001f10                __nedf2
                0x00001f10                __eqdf2
 .text          0x00001f94       0xcc C:\Programs\GNU Tools ARM Embedded\10.3-2021.10\lib\gcc\arm-none-eabi\10.3.1\thumb\v6-m\nofp\libgcc.a(gedf2.o)
                0x00001f94                __gedf2
                0x00001f94                __gtdf2
 .text          0x00002060       0xc8 C:\Programs\GNU Tools ARM Embedded\10.3-2021.10\lib\gcc\arm-none-eabi\10.3.1\thumb\v6-m\nofp\libgcc.a(ledf2.o)
                0x00002060                __ledf2
                0x00002060                __ltdf2
 .text          0x00002128      0x724 C:\Programs\GNU Tools ARM Embedded\10.3-2021.10\lib\gcc\arm-none-eabi\10.3.1\thumb\v6-m\nofp\libgcc.a(subdf3.o)
                0x00002128                __aeabi_dsub
 .text          0x0000284c       0x3c C:\Programs\GNU Tools ARM Embedded\10.3-2021.10\lib\gcc\arm-none-eabi\10.3.1\thumb\v6-m\nofp\libgcc.a(unorddf2.o)
                0x0000284c                __aeabi_dcmpun
 .text          0x00002888       0x6c C:\Programs\GNU Tools ARM Embedded\10.3-2021.10\lib\gcc\arm-none-eabi\10.3.1\thumb\v6-m\nofp\libgcc.a(fixdfsi.o)
                0x00002888                __aeabi_d2iz
 .text          0x000028f4       0x4c C:\Programs\GNU Tools ARM Embedded\10.3-2021.10\lib\gcc\arm-none-eabi\10.3.1\thumb\v6-m\nofp\libgcc.a(floatunsidf.o)
                0x000028f4                __aeabi_ui2d
 *(.text*)
 .text.__cvt    0x00002940       0xc6 C:\Programs\GNU Tools ARM Embedded\10.3-2021.10\arm-none-eabi\lib\thumb\v6-m\nofp\libc_nano.a(lib_a-nano-vfprintf_float.o)
                0x00002940                __cvt
 .text.__exponent
                0x00002a06       0x8e C:\Programs\GNU Tools ARM Embedded\10.3-2021.10\arm-none-eabi\lib\thumb\v6-m\nofp\libc_nano.a(lib_a-nano-vfprintf_float.o)
                0x00002a06                __exponent
 .text._printf_float
                0x00002a94      0x484 C:\Programs\GNU Tools ARM Embedded\10.3-2021.10\arm-none-eabi\lib\thumb\v6-m\nofp\libc_nano.a(lib_a-nano-vfprintf_float.o)
                0x00002a94                _printf_float
 .text._printf_common
                0x00002f18       0xde C:\Programs\GNU Tools ARM Embedded\10.3-2021.10\arm-none-eabi\lib\thumb\v6-m\nofp\libc_nano.a(lib_a-nano-vfprintf_i.o)
                0x00002f18                _printf_common
 *fill*         0x00002ff6        0x2 
 .text._printf_i
                0x00002ff8      0x224 C:\Programs\GNU Tools ARM Embedded\10.3-2021.10\arm-none-eabi\lib\thumb\v6-m\nofp\libc_nano.a(lib_a-nano-vfprintf_i.o)
                0x00002ff8                _printf_i
 .text._printf_r
                0x0000321c       0x28 C:\Programs\GNU Tools ARM Embedded\10.3-2021.10\arm-none-eabi\lib\thumb\v6-m\nofp\libc_nano.a(lib_a-printf.o)
                0x0000321c                _iprintf_r
                0x0000321c                _printf_r
 .text.printf   0x00003244       0x34 C:\Programs\GNU Tools ARM Embedded\10.3-2021.10\arm-none-eabi\lib\thumb\v6-m\nofp\libc_nano.a(lib_a-printf.o)
                0x00003244                iprintf
                0x00003244                printf
 .text._puts_r  0x00003278       0xe4 C:\Programs\GNU Tools ARM Embedded\10.3-2021.10\arm-none-eabi\lib\thumb\v6-m\nofp\libc_nano.a(lib_a-puts.o)
                0x00003278                _puts_r
 .text.puts     0x0000335c       0x14 C:\Programs\GNU Tools ARM Embedded\10.3-2021.10\arm-none-eabi\lib\thumb\v6-m\nofp\libc_nano.a(lib_a-puts.o)
                0x0000335c                puts
 .text.cleanup_glue
                0x00003370       0x1a C:\Programs\GNU Tools ARM Embedded\10.3-2021.10\arm-none-eabi\lib\thumb\v6-m\nofp\libc_nano.a(lib_a-reent.o)
                0x00003370                cleanup_glue
 *fill*         0x0000338a        0x2 
 .text._reclaim_reent
                0x0000338c       0xcc C:\Programs\GNU Tools ARM Embedded\10.3-2021.10\arm-none-eabi\lib\thumb\v6-m\nofp\libc_nano.a(lib_a-reent.o)
                0x0000338c                _reclaim_reent
 .text.__swbuf_r
                0x00003458       0xac C:\Programs\GNU Tools ARM Embedded\10.3-2021.10\arm-none-eabi\lib\thumb\v6-m\nofp\libc_nano.a(lib_a-wbuf.o)
                0x00003458                __swbuf_r
 .text.__swbuf  0x00003504       0x14 C:\Programs\GNU Tools ARM Embedded\10.3-2021.10\arm-none-eabi\lib\thumb\v6-m\nofp\libc_nano.a(lib_a-wbuf.o)
                0x00003504                __swbuf
 .text.__swsetup_r
                0x00003518       0xf0 C:\Programs\GNU Tools ARM Embedded\10.3-2021.10\arm-none-eabi\lib\thumb\v6-m\nofp\libc_nano.a(lib_a-wsetup.o)
                0x00003518                __swsetup_r
 .text.quorem   0x00003608      0x116 C:\Programs\GNU Tools ARM Embedded\10.3-2021.10\arm-none-eabi\lib\thumb\v6-m\nofp\libc_nano.a(lib_a-dtoa.o)
 *fill*         0x0000371e        0x2 
 .text._dtoa_r  0x00003720      0xc34 C:\Programs\GNU Tools ARM Embedded\10.3-2021.10\arm-none-eabi\lib\thumb\v6-m\nofp\libc_nano.a(lib_a-dtoa.o)
                0x00003720                _dtoa_r
 .text.__sflush_r
                0x00004354      0x118 C:\Programs\GNU Tools ARM Embedded\10.3-2021.10\arm-none-eabi\lib\thumb\v6-m\nofp\libc_nano.a(lib_a-fflush.o)
                0x00004354                __sflush_r
 .text._fflush_r
                0x0000446c       0x80 C:\Programs\GNU Tools ARM Embedded\10.3-2021.10\arm-none-eabi\lib\thumb\v6-m\nofp\libc_nano.a(lib_a-fflush.o)
                0x0000446c                _fflush_r
 .text.fflush   0x000044ec       0x2c C:\Programs\GNU Tools ARM Embedded\10.3-2021.10\arm-none-eabi\lib\thumb\v6-m\nofp\libc_nano.a(lib_a-fflush.o)
                0x000044ec                fflush
 .text.std      0x00004518       0x48 C:\Programs\GNU Tools ARM Embedded\10.3-2021.10\arm-none-eabi\lib\thumb\v6-m\nofp\libc_nano.a(lib_a-findfp.o)
 .text._cleanup_r
                0x00004560       0x10 C:\Programs\GNU Tools ARM Embedded\10.3-2021.10\arm-none-eabi\lib\thumb\v6-m\nofp\libc_nano.a(lib_a-findfp.o)
                0x00004560                _cleanup_r
 .text.__fp_lock
                0x00004570       0x18 C:\Programs\GNU Tools ARM Embedded\10.3-2021.10\arm-none-eabi\lib\thumb\v6-m\nofp\libc_nano.a(lib_a-findfp.o)
 .text.__fp_unlock
                0x00004588       0x18 C:\Programs\GNU Tools ARM Embedded\10.3-2021.10\arm-none-eabi\lib\thumb\v6-m\nofp\libc_nano.a(lib_a-findfp.o)
 .text.__sfmoreglue
                0x000045a0       0x2c C:\Programs\GNU Tools ARM Embedded\10.3-2021.10\arm-none-eabi\lib\thumb\v6-m\nofp\libc_nano.a(lib_a-findfp.o)
                0x000045a0                __sfmoreglue
 .text._cleanup
                0x000045cc       0x10 C:\Programs\GNU Tools ARM Embedded\10.3-2021.10\arm-none-eabi\lib\thumb\v6-m\nofp\libc_nano.a(lib_a-findfp.o)
                0x000045cc                _cleanup
 .text.__sfp_lock_acquire
                0x000045dc       0x10 C:\Programs\GNU Tools ARM Embedded\10.3-2021.10\arm-none-eabi\lib\thumb\v6-m\nofp\libc_nano.a(lib_a-findfp.o)
                0x000045dc                __sfp_lock_acquire
 .text.__sfp_lock_release
                0x000045ec       0x10 C:\Programs\GNU Tools ARM Embedded\10.3-2021.10\arm-none-eabi\lib\thumb\v6-m\nofp\libc_nano.a(lib_a-findfp.o)
                0x000045ec                __sfp_lock_release
 .text.__sinit_lock_acquire
                0x000045fc       0x10 C:\Programs\GNU Tools ARM Embedded\10.3-2021.10\arm-none-eabi\lib\thumb\v6-m\nofp\libc_nano.a(lib_a-findfp.o)
                0x000045fc                __sinit_lock_acquire
 .text.__sinit_lock_release
                0x0000460c       0x10 C:\Programs\GNU Tools ARM Embedded\10.3-2021.10\arm-none-eabi\lib\thumb\v6-m\nofp\libc_nano.a(lib_a-findfp.o)
                0x0000460c                __sinit_lock_release
 .text.__sinit  0x0000461c       0x70 C:\Programs\GNU Tools ARM Embedded\10.3-2021.10\arm-none-eabi\lib\thumb\v6-m\nofp\libc_nano.a(lib_a-findfp.o)
                0x0000461c                __sinit
 .text.__sfp    0x0000468c       0x90 C:\Programs\GNU Tools ARM Embedded\10.3-2021.10\arm-none-eabi\lib\thumb\v6-m\nofp\libc_nano.a(lib_a-findfp.o)
                0x0000468c                __sfp
 .text.__fp_lock_all
                0x0000471c       0x1c C:\Programs\GNU Tools ARM Embedded\10.3-2021.10\arm-none-eabi\lib\thumb\v6-m\nofp\libc_nano.a(lib_a-findfp.o)
                0x0000471c                __fp_lock_all
 .text.__fp_unlock_all
                0x00004738       0x1c C:\Programs\GNU Tools ARM Embedded\10.3-2021.10\arm-none-eabi\lib\thumb\v6-m\nofp\libc_nano.a(lib_a-findfp.o)
                0x00004738                __fp_unlock_all
 .text._fwalk   0x00004754       0x36 C:\Programs\GNU Tools ARM Embedded\10.3-2021.10\arm-none-eabi\lib\thumb\v6-m\nofp\libc_nano.a(lib_a-fwalk.o)
                0x00004754                _fwalk
 .text._fwalk_reent
                0x0000478a       0x40 C:\Programs\GNU Tools ARM Embedded\10.3-2021.10\arm-none-eabi\lib\thumb\v6-m\nofp\libc_nano.a(lib_a-fwalk.o)
                0x0000478a                _fwalk_reent
 .text.__localeconv_l
                0x000047ca        0x4 C:\Programs\GNU Tools ARM Embedded\10.3-2021.10\arm-none-eabi\lib\thumb\v6-m\nofp\libc_nano.a(lib_a-localeconv.o)
                0x000047ca                __localeconv_l
 *fill*         0x000047ce        0x2 
 .text._localeconv_r
                0x000047d0        0x8 C:\Programs\GNU Tools ARM Embedded\10.3-2021.10\arm-none-eabi\lib\thumb\v6-m\nofp\libc_nano.a(lib_a-localeconv.o)
                0x000047d0                _localeconv_r
 .text.localeconv
                0x000047d8        0x8 C:\Programs\GNU Tools ARM Embedded\10.3-2021.10\arm-none-eabi\lib\thumb\v6-m\nofp\libc_nano.a(lib_a-localeconv.o)
                0x000047d8                localeconv
 .text.__retarget_lock_init
                0x000047e0        0x2 C:\Programs\GNU Tools ARM Embedded\10.3-2021.10\arm-none-eabi\lib\thumb\v6-m\nofp\libc_nano.a(lib_a-lock.o)
                0x000047e0                __retarget_lock_init
 .text.__retarget_lock_init_recursive
                0x000047e2        0x2 C:\Programs\GNU Tools ARM Embedded\10.3-2021.10\arm-none-eabi\lib\thumb\v6-m\nofp\libc_nano.a(lib_a-lock.o)
                0x000047e2                __retarget_lock_init_recursive
 .text.__retarget_lock_close
                0x000047e4        0x2 C:\Programs\GNU Tools ARM Embedded\10.3-2021.10\arm-none-eabi\lib\thumb\v6-m\nofp\libc_nano.a(lib_a-lock.o)
                0x000047e4                __retarget_lock_close
 .text.__retarget_lock_close_recursive
                0x000047e6        0x2 C:\Programs\GNU Tools ARM Embedded\10.3-2021.10\arm-none-eabi\lib\thumb\v6-m\nofp\libc_nano.a(lib_a-lock.o)
                0x000047e6                __retarget_lock_close_recursive
 .text.__retarget_lock_acquire
                0x000047e8        0x2 C:\Programs\GNU Tools ARM Embedded\10.3-2021.10\arm-none-eabi\lib\thumb\v6-m\nofp\libc_nano.a(lib_a-lock.o)
                0x000047e8                __retarget_lock_acquire
 .text.__retarget_lock_acquire_recursive
                0x000047ea        0x2 C:\Programs\GNU Tools ARM Embedded\10.3-2021.10\arm-none-eabi\lib\thumb\v6-m\nofp\libc_nano.a(lib_a-lock.o)
                0x000047ea                __retarget_lock_acquire_recursive
 .text.__retarget_lock_try_acquire
                0x000047ec        0x4 C:\Programs\GNU Tools ARM Embedded\10.3-2021.10\arm-none-eabi\lib\thumb\v6-m\nofp\libc_nano.a(lib_a-lock.o)
                0x000047ec                __retarget_lock_try_acquire
 .text.__retarget_lock_try_acquire_recursive
                0x000047f0        0x4 C:\Programs\GNU Tools ARM Embedded\10.3-2021.10\arm-none-eabi\lib\thumb\v6-m\nofp\libc_nano.a(lib_a-lock.o)
                0x000047f0                __retarget_lock_try_acquire_recursive
 .text.__retarget_lock_release
                0x000047f4        0x2 C:\Programs\GNU Tools ARM Embedded\10.3-2021.10\arm-none-eabi\lib\thumb\v6-m\nofp\libc_nano.a(lib_a-lock.o)
                0x000047f4                __retarget_lock_release
 .text.__retarget_lock_release_recursive
                0x000047f6        0x2 C:\Programs\GNU Tools ARM Embedded\10.3-2021.10\arm-none-eabi\lib\thumb\v6-m\nofp\libc_nano.a(lib_a-lock.o)
                0x000047f6                __retarget_lock_release_recursive
 .text.__swhatbuf_r
                0x000047f8       0x50 C:\Programs\GNU Tools ARM Embedded\10.3-2021.10\arm-none-eabi\lib\thumb\v6-m\nofp\libc_nano.a(lib_a-makebuf.o)
                0x000047f8                __swhatbuf_r
 .text.__smakebuf_r
                0x00004848       0x88 C:\Programs\GNU Tools ARM Embedded\10.3-2021.10\arm-none-eabi\lib\thumb\v6-m\nofp\libc_nano.a(lib_a-makebuf.o)
                0x00004848                __smakebuf_r
 .text.malloc   0x000048d0       0x14 C:\Programs\GNU Tools ARM Embedded\10.3-2021.10\arm-none-eabi\lib\thumb\v6-m\nofp\libc_nano.a(lib_a-malloc.o)
                0x000048d0                malloc
 .text.free     0x000048e4       0x14 C:\Programs\GNU Tools ARM Embedded\10.3-2021.10\arm-none-eabi\lib\thumb\v6-m\nofp\libc_nano.a(lib_a-malloc.o)
                0x000048e4                free
 .text.memchr   0x000048f8       0x16 C:\Programs\GNU Tools ARM Embedded\10.3-2021.10\arm-none-eabi\lib\thumb\v6-m\nofp\libc_nano.a(lib_a-memchr-stub.o)
                0x000048f8                memchr
 .text.memcpy   0x0000490e       0x12 C:\Programs\GNU Tools ARM Embedded\10.3-2021.10\arm-none-eabi\lib\thumb\v6-m\nofp\libc_nano.a(lib_a-memcpy-stub.o)
                0x0000490e                memcpy
 .text.memset   0x00004920       0x10 C:\Programs\GNU Tools ARM Embedded\10.3-2021.10\arm-none-eabi\lib\thumb\v6-m\nofp\libc_nano.a(lib_a-memset.o)
                0x00004920                memset
 .text._Balloc  0x00004930       0x88 C:\Programs\GNU Tools ARM Embedded\10.3-2021.10\arm-none-eabi\lib\thumb\v6-m\nofp\libc_nano.a(lib_a-mprec.o)
                0x00004930                _Balloc
 .text._Bfree   0x000049b8       0x48 C:\Programs\GNU Tools ARM Embedded\10.3-2021.10\arm-none-eabi\lib\thumb\v6-m\nofp\libc_nano.a(lib_a-mprec.o)
                0x000049b8                _Bfree
 .text.__multadd
                0x00004a00       0x88 C:\Programs\GNU Tools ARM Embedded\10.3-2021.10\arm-none-eabi\lib\thumb\v6-m\nofp\libc_nano.a(lib_a-mprec.o)
                0x00004a00                __multadd
 .text.__s2b    0x00004a88       0x98 C:\Programs\GNU Tools ARM Embedded\10.3-2021.10\arm-none-eabi\lib\thumb\v6-m\nofp\libc_nano.a(lib_a-mprec.o)
                0x00004a88                __s2b
 .text.__hi0bits
                0x00004b20       0x34 C:\Programs\GNU Tools ARM Embedded\10.3-2021.10\arm-none-eabi\lib\thumb\v6-m\nofp\libc_nano.a(lib_a-mprec.o)
                0x00004b20                __hi0bits
 .text.__lo0bits
                0x00004b54       0x5c C:\Programs\GNU Tools ARM Embedded\10.3-2021.10\arm-none-eabi\lib\thumb\v6-m\nofp\libc_nano.a(lib_a-mprec.o)
                0x00004b54                __lo0bits
 .text.__i2b    0x00004bb0       0x2c C:\Programs\GNU Tools ARM Embedded\10.3-2021.10\arm-none-eabi\lib\thumb\v6-m\nofp\libc_nano.a(lib_a-mprec.o)
                0x00004bb0                __i2b
 .text.__multiply
                0x00004bdc      0x160 C:\Programs\GNU Tools ARM Embedded\10.3-2021.10\arm-none-eabi\lib\thumb\v6-m\nofp\libc_nano.a(lib_a-mprec.o)
                0x00004bdc                __multiply
 .text.__pow5mult
                0x00004d3c       0xb8 C:\Programs\GNU Tools ARM Embedded\10.3-2021.10\arm-none-eabi\lib\thumb\v6-m\nofp\libc_nano.a(lib_a-mprec.o)
                0x00004d3c                __pow5mult
 .text.__lshift
                0x00004df4       0xdc C:\Programs\GNU Tools ARM Embedded\10.3-2021.10\arm-none-eabi\lib\thumb\v6-m\nofp\libc_nano.a(lib_a-mprec.o)
                0x00004df4                __lshift
 .text.__mcmp   0x00004ed0       0x36 C:\Programs\GNU Tools ARM Embedded\10.3-2021.10\arm-none-eabi\lib\thumb\v6-m\nofp\libc_nano.a(lib_a-mprec.o)
                0x00004ed0                __mcmp
 *fill*         0x00004f06        0x2 
 .text.__mdiff  0x00004f08      0x130 C:\Programs\GNU Tools ARM Embedded\10.3-2021.10\arm-none-eabi\lib\thumb\v6-m\nofp\libc_nano.a(lib_a-mprec.o)
                0x00004f08                __mdiff
 .text.__ulp    0x00005038       0x48 C:\Programs\GNU Tools ARM Embedded\10.3-2021.10\arm-none-eabi\lib\thumb\v6-m\nofp\libc_nano.a(lib_a-mprec.o)
                0x00005038                __ulp
 .text.__b2d    0x00005080       0xa0 C:\Programs\GNU Tools ARM Embedded\10.3-2021.10\arm-none-eabi\lib\thumb\v6-m\nofp\libc_nano.a(lib_a-mprec.o)
                0x00005080                __b2d
 .text.__d2b    0x00005120       0xc8 C:\Programs\GNU Tools ARM Embedded\10.3-2021.10\arm-none-eabi\lib\thumb\v6-m\nofp\libc_nano.a(lib_a-mprec.o)
                0x00005120                __d2b
 .text.__ratio  0x000051e8       0x52 C:\Programs\GNU Tools ARM Embedded\10.3-2021.10\arm-none-eabi\lib\thumb\v6-m\nofp\libc_nano.a(lib_a-mprec.o)
                0x000051e8                __ratio
 *fill*         0x0000523a        0x2 
 .text._mprec_log10
                0x0000523c       0x34 C:\Programs\GNU Tools ARM Embedded\10.3-2021.10\arm-none-eabi\lib\thumb\v6-m\nofp\libc_nano.a(lib_a-mprec.o)
                0x0000523c                _mprec_log10
 .text.__copybits
                0x00005270       0x42 C:\Programs\GNU Tools ARM Embedded\10.3-2021.10\arm-none-eabi\lib\thumb\v6-m\nofp\libc_nano.a(lib_a-mprec.o)
                0x00005270                __copybits
 .text.__any_on
                0x000052b2       0x46 C:\Programs\GNU Tools ARM Embedded\10.3-2021.10\arm-none-eabi\lib\thumb\v6-m\nofp\libc_nano.a(lib_a-mprec.o)
                0x000052b2                __any_on
 .text._calloc_r
                0x000052f8       0x58 C:\Programs\GNU Tools ARM Embedded\10.3-2021.10\arm-none-eabi\lib\thumb\v6-m\nofp\libc_nano.a(lib_a-nano-callocr.o)
                0x000052f8                _calloc_r
 .text._free_r  0x00005350       0x94 C:\Programs\GNU Tools ARM Embedded\10.3-2021.10\arm-none-eabi\lib\thumb\v6-m\nofp\libc_nano.a(lib_a-nano-freer.o)
                0x00005350                _free_r
 .text.sbrk_aligned
                0x000053e4       0x44 C:\Programs\GNU Tools ARM Embedded\10.3-2021.10\arm-none-eabi\lib\thumb\v6-m\nofp\libc_nano.a(lib_a-nano-mallocr.o)
 .text._malloc_r
                0x00005428       0xec C:\Programs\GNU Tools ARM Embedded\10.3-2021.10\arm-none-eabi\lib\thumb\v6-m\nofp\libc_nano.a(lib_a-nano-mallocr.o)
                0x00005428                _malloc_r
 .text.__sfputc_r
                0x00005514       0x2a C:\Programs\GNU Tools ARM Embedded\10.3-2021.10\arm-none-eabi\lib\thumb\v6-m\nofp\libc_nano.a(lib_a-nano-vfprintf.o)
 .text.__sfputs_r
                0x0000553e       0x24 C:\Programs\GNU Tools ARM Embedded\10.3-2021.10\arm-none-eabi\lib\thumb\v6-m\nofp\libc_nano.a(lib_a-nano-vfprintf.o)
                0x0000553e                __sfputs_r
 .text.__sprint_r
                0x00005562       0x1c C:\Programs\GNU Tools ARM Embedded\10.3-2021.10\arm-none-eabi\lib\thumb\v6-m\nofp\libc_nano.a(lib_a-nano-vfprintf.o)
                0x00005562                __sprint_r
 *fill*         0x0000557e        0x2 
 .text._vfprintf_r
                0x00005580      0x274 C:\Programs\GNU Tools ARM Embedded\10.3-2021.10\arm-none-eabi\lib\thumb\v6-m\nofp\libc_nano.a(lib_a-nano-vfprintf.o)
                0x00005580                _vfprintf_r
                0x00005580                _vfiprintf_r
 .text.vfprintf
                0x000057f4       0x18 C:\Programs\GNU Tools ARM Embedded\10.3-2021.10\arm-none-eabi\lib\thumb\v6-m\nofp\libc_nano.a(lib_a-nano-vfprintf.o)
                0x000057f4                vfprintf
                0x000057f4                vfiprintf
 .text._sbrk_r  0x0000580c       0x24 C:\Programs\GNU Tools ARM Embedded\10.3-2021.10\arm-none-eabi\lib\thumb\v6-m\nofp\libc_nano.a(lib_a-sbrkr.o)
                0x0000580c                _sbrk_r
 .text.__sread  0x00005830       0x28 C:\Programs\GNU Tools ARM Embedded\10.3-2021.10\arm-none-eabi\lib\thumb\v6-m\nofp\libc_nano.a(lib_a-stdio.o)
                0x00005830                __sread
 .text.__seofread
                0x00005858        0x4 C:\Programs\GNU Tools ARM Embedded\10.3-2021.10\arm-none-eabi\lib\thumb\v6-m\nofp\libc_nano.a(lib_a-stdio.o)
                0x00005858                __seofread
 .text.__swrite
                0x0000585c       0x38 C:\Programs\GNU Tools ARM Embedded\10.3-2021.10\arm-none-eabi\lib\thumb\v6-m\nofp\libc_nano.a(lib_a-stdio.o)
                0x0000585c                __swrite
 .text.__sseek  0x00005894       0x2c C:\Programs\GNU Tools ARM Embedded\10.3-2021.10\arm-none-eabi\lib\thumb\v6-m\nofp\libc_nano.a(lib_a-stdio.o)
                0x00005894                __sseek
 .text.__sclose
                0x000058c0        0xc C:\Programs\GNU Tools ARM Embedded\10.3-2021.10\arm-none-eabi\lib\thumb\v6-m\nofp\libc_nano.a(lib_a-stdio.o)
                0x000058c0                __sclose
 .text._write_r
                0x000058cc       0x28 C:\Programs\GNU Tools ARM Embedded\10.3-2021.10\arm-none-eabi\lib\thumb\v6-m\nofp\libc_nano.a(lib_a-writer.o)
                0x000058cc                _write_r
 .text.__assert_func
                0x000058f4       0x3c C:\Programs\GNU Tools ARM Embedded\10.3-2021.10\arm-none-eabi\lib\thumb\v6-m\nofp\libc_nano.a(lib_a-assert.o)
                0x000058f4                __assert_func
 .text.__assert
                0x00005930        0xa C:\Programs\GNU Tools ARM Embedded\10.3-2021.10\arm-none-eabi\lib\thumb\v6-m\nofp\libc_nano.a(lib_a-assert.o)
                0x00005930                __assert
 *fill*         0x0000593a        0x2 
 .text._close_r
                0x0000593c       0x24 C:\Programs\GNU Tools ARM Embedded\10.3-2021.10\arm-none-eabi\lib\thumb\v6-m\nofp\libc_nano.a(lib_a-closer.o)
                0x0000593c                _close_r
 .text._fprintf_r
                0x00005960       0x16 C:\Programs\GNU Tools ARM Embedded\10.3-2021.10\arm-none-eabi\lib\thumb\v6-m\nofp\libc_nano.a(lib_a-fprintf.o)
                0x00005960                _fiprintf_r
                0x00005960                _fprintf_r
 *fill*         0x00005976        0x2 
 .text.fprintf  0x00005978       0x20 C:\Programs\GNU Tools ARM Embedded\10.3-2021.10\arm-none-eabi\lib\thumb\v6-m\nofp\libc_nano.a(lib_a-fprintf.o)
                0x00005978                fiprintf
                0x00005978                fprintf
 .text._fstat_r
                0x00005998       0x24 C:\Programs\GNU Tools ARM Embedded\10.3-2021.10\arm-none-eabi\lib\thumb\v6-m\nofp\libc_nano.a(lib_a-fstatr.o)
                0x00005998                _fstat_r
 .text.__sfvwrite_r
                0x000059bc      0x2d0 C:\Programs\GNU Tools ARM Embedded\10.3-2021.10\arm-none-eabi\lib\thumb\v6-m\nofp\libc_nano.a(lib_a-fvwrite.o)
                0x000059bc                __sfvwrite_r
 .text._isatty_r
                0x00005c8c       0x24 C:\Programs\GNU Tools ARM Embedded\10.3-2021.10\arm-none-eabi\lib\thumb\v6-m\nofp\libc_nano.a(lib_a-isattyr.o)
                0x00005c8c                _isatty_r
 .text._setlocale_r
                0x00005cb0       0x40 C:\Programs\GNU Tools ARM Embedded\10.3-2021.10\arm-none-eabi\lib\thumb\v6-m\nofp\libc_nano.a(lib_a-locale.o)
                0x00005cb0                _setlocale_r
 .text.__locale_mb_cur_max
                0x00005cf0       0x10 C:\Programs\GNU Tools ARM Embedded\10.3-2021.10\arm-none-eabi\lib\thumb\v6-m\nofp\libc_nano.a(lib_a-locale.o)
                0x00005cf0                __locale_mb_cur_max
 .text.setlocale
                0x00005d00       0x14 C:\Programs\GNU Tools ARM Embedded\10.3-2021.10\arm-none-eabi\lib\thumb\v6-m\nofp\libc_nano.a(lib_a-locale.o)
                0x00005d00                setlocale
 .text._lseek_r
                0x00005d14       0x28 C:\Programs\GNU Tools ARM Embedded\10.3-2021.10\arm-none-eabi\lib\thumb\v6-m\nofp\libc_nano.a(lib_a-lseekr.o)
                0x00005d14                _lseek_r
 .text._mbtowc_r
                0x00005d3c       0x14 C:\Programs\GNU Tools ARM Embedded\10.3-2021.10\arm-none-eabi\lib\thumb\v6-m\nofp\libc_nano.a(lib_a-mbtowc_r.o)
                0x00005d3c                _mbtowc_r
 .text.__ascii_mbtowc
                0x00005d50       0x24 C:\Programs\GNU Tools ARM Embedded\10.3-2021.10\arm-none-eabi\lib\thumb\v6-m\nofp\libc_nano.a(lib_a-mbtowc_r.o)
                0x00005d50                __ascii_mbtowc
 .text.memmove  0x00005d74       0x26 C:\Programs\GNU Tools ARM Embedded\10.3-2021.10\arm-none-eabi\lib\thumb\v6-m\nofp\libc_nano.a(lib_a-memmove.o)
                0x00005d74                memmove
 *fill*         0x00005d9a        0x2 
 .text.__malloc_lock
                0x00005d9c       0x10 C:\Programs\GNU Tools ARM Embedded\10.3-2021.10\arm-none-eabi\lib\thumb\v6-m\nofp\libc_nano.a(lib_a-mlock.o)
                0x00005d9c                __malloc_lock
 .text.__malloc_unlock
                0x00005dac       0x10 C:\Programs\GNU Tools ARM Embedded\10.3-2021.10\arm-none-eabi\lib\thumb\v6-m\nofp\libc_nano.a(lib_a-mlock.o)
                0x00005dac                __malloc_unlock
 .text._realloc_r
                0x00005dbc       0x5e C:\Programs\GNU Tools ARM Embedded\10.3-2021.10\arm-none-eabi\lib\thumb\v6-m\nofp\libc_nano.a(lib_a-nano-reallocr.o)
                0x00005dbc                _realloc_r
 *fill*         0x00005e1a        0x2 
 .text._read_r  0x00005e1c       0x28 C:\Programs\GNU Tools ARM Embedded\10.3-2021.10\arm-none-eabi\lib\thumb\v6-m\nofp\libc_nano.a(lib_a-readr.o)
                0x00005e1c                _read_r
 .text._wctomb_r
                0x00005e44       0x10 C:\Programs\GNU Tools ARM Embedded\10.3-2021.10\arm-none-eabi\lib\thumb\v6-m\nofp\libc_nano.a(lib_a-wctomb_r.o)
                0x00005e44                _wctomb_r
 .text.__ascii_wctomb
                0x00005e54       0x1a C:\Programs\GNU Tools ARM Embedded\10.3-2021.10\arm-none-eabi\lib\thumb\v6-m\nofp\libc_nano.a(lib_a-wctomb_r.o)
                0x00005e54                __ascii_wctomb
 .text.abort    0x00005e6e        0xe C:\Programs\GNU Tools ARM Embedded\10.3-2021.10\arm-none-eabi\lib\thumb\v6-m\nofp\libc_nano.a(lib_a-abort.o)
                0x00005e6e                abort
 .text._malloc_usable_size_r
                0x00005e7c       0x10 C:\Programs\GNU Tools ARM Embedded\10.3-2021.10\arm-none-eabi\lib\thumb\v6-m\nofp\libc_nano.a(lib_a-nano-msizer.o)
                0x00005e7c                _malloc_usable_size_r
 .text._init_signal_r
                0x00005e8c       0x2a C:\Programs\GNU Tools ARM Embedded\10.3-2021.10\arm-none-eabi\lib\thumb\v6-m\nofp\libc_nano.a(lib_a-signal.o)
                0x00005e8c                _init_signal_r
 .text._signal_r
                0x00005eb6       0x32 C:\Programs\GNU Tools ARM Embedded\10.3-2021.10\arm-none-eabi\lib\thumb\v6-m\nofp\libc_nano.a(lib_a-signal.o)
                0x00005eb6                _signal_r
 .text._raise_r
                0x00005ee8       0x54 C:\Programs\GNU Tools ARM Embedded\10.3-2021.10\arm-none-eabi\lib\thumb\v6-m\nofp\libc_nano.a(lib_a-signal.o)
                0x00005ee8                _raise_r
 .text.__sigtramp_r
                0x00005f3c       0x46 C:\Programs\GNU Tools ARM Embedded\10.3-2021.10\arm-none-eabi\lib\thumb\v6-m\nofp\libc_nano.a(lib_a-signal.o)
                0x00005f3c                __sigtramp_r
 *fill*         0x00005f82        0x2 
 .text.raise    0x00005f84       0x14 C:\Programs\GNU Tools ARM Embedded\10.3-2021.10\arm-none-eabi\lib\thumb\v6-m\nofp\libc_nano.a(lib_a-signal.o)
                0x00005f84                raise
 .text.signal   0x00005f98       0x14 C:\Programs\GNU Tools ARM Embedded\10.3-2021.10\arm-none-eabi\lib\thumb\v6-m\nofp\libc_nano.a(lib_a-signal.o)
                0x00005f98                signal
 .text._init_signal
                0x00005fac       0x10 C:\Programs\GNU Tools ARM Embedded\10.3-2021.10\arm-none-eabi\lib\thumb\v6-m\nofp\libc_nano.a(lib_a-signal.o)
                0x00005fac                _init_signal
 .text.__sigtramp
                0x00005fbc       0x14 C:\Programs\GNU Tools ARM Embedded\10.3-2021.10\arm-none-eabi\lib\thumb\v6-m\nofp\libc_nano.a(lib_a-signal.o)
                0x00005fbc                __sigtramp
 .text._kill_r  0x00005fd0       0x24 C:\Programs\GNU Tools ARM Embedded\10.3-2021.10\arm-none-eabi\lib\thumb\v6-m\nofp\libc_nano.a(lib_a-signalr.o)
                0x00005fd0                _kill_r
 .text._getpid_r
                0x00005ff4        0x8 C:\Programs\GNU Tools ARM Embedded\10.3-2021.10\arm-none-eabi\lib\thumb\v6-m\nofp\libc_nano.a(lib_a-signalr.o)
                0x00005ff4                _getpid_r
 *(.rodata)
 .rodata        0x00005ffc       0x16 init.o
 *fill*         0x00006012        0x2 
 .rodata        0x00006014       0x62 main.o
 *fill*         0x00006076        0x2 
 .rodata        0x00006078       0x15 serial.o
 *fill*         0x0000608d        0x3 
 .rodata        0x00006090       0x1a newlib_stubs.o
 *fill*         0x000060aa        0x2 
 .rodata        0x000060ac       0x40 C:\Programs\GNU Tools ARM Embedded\10.3-2021.10\lib\gcc\arm-none-eabi\10.3.1\thumb\v6-m\nofp\libgcc.a(muldf3.o)
 .rodata        0x000060ec       0x40 C:\Programs\GNU Tools ARM Embedded\10.3-2021.10\lib\gcc\arm-none-eabi\10.3.1\thumb\v6-m\nofp\libgcc.a(divdf3.o)
 *(.rodata*)
 .rodata._printf_float.str1.1
                0x0000612c       0x12 C:\Programs\GNU Tools ARM Embedded\10.3-2021.10\arm-none-eabi\lib\thumb\v6-m\nofp\libc_nano.a(lib_a-nano-vfprintf_float.o)
 .rodata._printf_i.str1.1
                0x0000613e       0x22 C:\Programs\GNU Tools ARM Embedded\10.3-2021.10\arm-none-eabi\lib\thumb\v6-m\nofp\libc_nano.a(lib_a-nano-vfprintf_i.o)
 .rodata._dtoa_r.str1.1
                0x00006160       0xb3 C:\Programs\GNU Tools ARM Embedded\10.3-2021.10\arm-none-eabi\lib\thumb\v6-m\nofp\libc_nano.a(lib_a-dtoa.o)
                                 0xb5 (size before relaxing)
 *fill*         0x00006213        0x1 
 .rodata.__sf_fake_stderr
                0x00006214       0x20 C:\Programs\GNU Tools ARM Embedded\10.3-2021.10\arm-none-eabi\lib\thumb\v6-m\nofp\libc_nano.a(lib_a-findfp.o)
                0x00006214                __sf_fake_stderr
 .rodata.__sf_fake_stdin
                0x00006234       0x20 C:\Programs\GNU Tools ARM Embedded\10.3-2021.10\arm-none-eabi\lib\thumb\v6-m\nofp\libc_nano.a(lib_a-findfp.o)
                0x00006234                __sf_fake_stdin
 .rodata.__sf_fake_stdout
                0x00006254       0x20 C:\Programs\GNU Tools ARM Embedded\10.3-2021.10\arm-none-eabi\lib\thumb\v6-m\nofp\libc_nano.a(lib_a-findfp.o)
                0x00006254                __sf_fake_stdout
 .rodata._global_impure_ptr
                0x00006274        0x4 C:\Programs\GNU Tools ARM Embedded\10.3-2021.10\arm-none-eabi\lib\thumb\v6-m\nofp\libc_nano.a(lib_a-impure.o)
                0x00006274                _global_impure_ptr
 .rodata._Balloc.str1.1
                0x00006278       0x7f C:\Programs\GNU Tools ARM Embedded\10.3-2021.10\arm-none-eabi\lib\thumb\v6-m\nofp\libc_nano.a(lib_a-mprec.o)
                                 0x96 (size before relaxing)
 .rodata.__multadd.str1.1
                0x000062f7       0x11 C:\Programs\GNU Tools ARM Embedded\10.3-2021.10\arm-none-eabi\lib\thumb\v6-m\nofp\libc_nano.a(lib_a-mprec.o)
 *fill*         0x000062f7        0x1 
 .rodata.__mprec_bigtens
                0x000062f8       0x28 C:\Programs\GNU Tools ARM Embedded\10.3-2021.10\arm-none-eabi\lib\thumb\v6-m\nofp\libc_nano.a(lib_a-mprec.o)
                0x000062f8                __mprec_bigtens
 .rodata.__mprec_tens
                0x00006320       0xc8 C:\Programs\GNU Tools ARM Embedded\10.3-2021.10\arm-none-eabi\lib\thumb\v6-m\nofp\libc_nano.a(lib_a-mprec.o)
                0x00006320                __mprec_tens
 .rodata.__mprec_tinytens
                0x000063e8       0x28 C:\Programs\GNU Tools ARM Embedded\10.3-2021.10\arm-none-eabi\lib\thumb\v6-m\nofp\libc_nano.a(lib_a-mprec.o)
                0x000063e8                __mprec_tinytens
 .rodata.p05.0  0x00006410        0xc C:\Programs\GNU Tools ARM Embedded\10.3-2021.10\arm-none-eabi\lib\thumb\v6-m\nofp\libc_nano.a(lib_a-mprec.o)
 .rodata._vfprintf_r.str1.1
                0x0000641c       0x11 C:\Programs\GNU Tools ARM Embedded\10.3-2021.10\arm-none-eabi\lib\thumb\v6-m\nofp\libc_nano.a(lib_a-nano-vfprintf.o)
 .rodata.__assert_func.str1.1
                0x0000642d       0x3c C:\Programs\GNU Tools ARM Embedded\10.3-2021.10\arm-none-eabi\lib\thumb\v6-m\nofp\libc_nano.a(lib_a-assert.o)
                                 0x3d (size before relaxing)
 .rodata._setlocale_r.str1.1
                0x00006469        0x8 C:\Programs\GNU Tools ARM Embedded\10.3-2021.10\arm-none-eabi\lib\thumb\v6-m\nofp\libc_nano.a(lib_a-locale.o)
                                  0x9 (size before relaxing)
 .rodata.str1.1
                0x00006471        0x2 C:\Programs\GNU Tools ARM Embedded\10.3-2021.10\arm-none-eabi\lib\thumb\v6-m\nofp\libc_nano.a(lib_a-locale.o)
 .rodata._ctype_
                0x00006473      0x101 C:\Programs\GNU Tools ARM Embedded\10.3-2021.10\arm-none-eabi\lib\thumb\v6-m\nofp\libc_nano.a(lib_a-ctype_.o)
                0x00006473                _ctype_
                0x00006574                _end_text = .

.glue_7         0x00006574        0x0
 .glue_7        0x00006574        0x0 linker stubs

.glue_7t        0x00006574        0x0
 .glue_7t       0x00006574        0x0 linker stubs

.vfp11_veneer   0x00006574        0x0
 .vfp11_veneer  0x00006574        0x0 linker stubs

.v4_bx          0x00006574        0x0
 .v4_bx         0x00006574        0x0 linker stubs

.iplt           0x00006574        0x0
 .iplt          0x00006574        0x0 init.o

.rel.dyn        0x00006574        0x0
 .rel.iplt      0x00006574        0x0 init.o

.ARM.extab
 *(.ARM.extab* .gnu.linkonce.armextab.*)
                0x00006574                __exidx_start = .

.ARM.exidx
 *(.ARM.exidx* .gnu.linkonce.armexidx.*)
                0x00006574                __exidx_end = .
                0x10000000                . = ORIGIN (ram)
                0x10000000                . = ALIGN (0x4)

.data           0x10000000      0x1d4 load address 0x00006574
                0x00006574                INIT_DATA_VALUES = LOADADDR (.data)
                0x10000000                INIT_DATA_START = .
 *(.data)
 .data          0x10000000        0x0 init.o
 .data          0x10000000        0x0 main.o
 .data          0x10000000        0x0 serial.o
 .data          0x10000000        0x4 newlib_stubs.o
                0x10000000                environ
 .data          0x10000004        0x0 C:\Programs\GNU Tools ARM Embedded\10.3-2021.10\lib\gcc\arm-none-eabi\10.3.1\thumb\v6-m\nofp\libgcc.a(_divsi3.o)
 .data          0x10000004        0x0 C:\Programs\GNU Tools ARM Embedded\10.3-2021.10\lib\gcc\arm-none-eabi\10.3.1\thumb\v6-m\nofp\libgcc.a(_dvmd_tls.o)
 .data          0x10000004        0x0 C:\Programs\GNU Tools ARM Embedded\10.3-2021.10\lib\gcc\arm-none-eabi\10.3.1\thumb\v6-m\nofp\libgcc.a(muldf3.o)
 .data          0x10000004        0x0 C:\Programs\GNU Tools ARM Embedded\10.3-2021.10\lib\gcc\arm-none-eabi\10.3.1\thumb\v6-m\nofp\libgcc.a(floatsidf.o)
 .data          0x10000004        0x0 C:\Programs\GNU Tools ARM Embedded\10.3-2021.10\lib\gcc\arm-none-eabi\10.3.1\thumb\v6-m\nofp\libgcc.a(_clzsi2.o)
 .data          0x10000004        0x0 C:\Programs\GNU Tools ARM Embedded\10.3-2021.10\arm-none-eabi\lib\thumb\v6-m\nofp\libc_nano.a(lib_a-nano-vfprintf_float.o)
 .data          0x10000004        0x0 C:\Programs\GNU Tools ARM Embedded\10.3-2021.10\arm-none-eabi\lib\thumb\v6-m\nofp\libc_nano.a(lib_a-nano-vfprintf_i.o)
 .data          0x10000004        0x0 C:\Programs\GNU Tools ARM Embedded\10.3-2021.10\arm-none-eabi\lib\thumb\v6-m\nofp\libc_nano.a(lib_a-printf.o)
 .data          0x10000004        0x0 C:\Programs\GNU Tools ARM Embedded\10.3-2021.10\arm-none-eabi\lib\thumb\v6-m\nofp\libc_nano.a(lib_a-puts.o)
 .data          0x10000004        0x0 C:\Programs\GNU Tools ARM Embedded\10.3-2021.10\arm-none-eabi\lib\thumb\v6-m\nofp\libc_nano.a(lib_a-reent.o)
 .data          0x10000004        0x0 C:\Programs\GNU Tools ARM Embedded\10.3-2021.10\arm-none-eabi\lib\thumb\v6-m\nofp\libc_nano.a(lib_a-strlen.o)
 .data          0x10000004        0x0 C:\Programs\GNU Tools ARM Embedded\10.3-2021.10\arm-none-eabi\lib\thumb\v6-m\nofp\libc_nano.a(lib_a-wbuf.o)
 .data          0x10000004        0x0 C:\Programs\GNU Tools ARM Embedded\10.3-2021.10\arm-none-eabi\lib\thumb\v6-m\nofp\libc_nano.a(lib_a-wsetup.o)
 .data          0x10000004        0x0 C:\Programs\GNU Tools ARM Embedded\10.3-2021.10\arm-none-eabi\lib\thumb\v6-m\nofp\libc_nano.a(lib_a-dtoa.o)
 .data          0x10000004        0x0 C:\Programs\GNU Tools ARM Embedded\10.3-2021.10\arm-none-eabi\lib\thumb\v6-m\nofp\libc_nano.a(lib_a-fflush.o)
 .data          0x10000004        0x0 C:\Programs\GNU Tools ARM Embedded\10.3-2021.10\arm-none-eabi\lib\thumb\v6-m\nofp\libc_nano.a(lib_a-findfp.o)
 .data          0x10000004        0x0 C:\Programs\GNU Tools ARM Embedded\10.3-2021.10\arm-none-eabi\lib\thumb\v6-m\nofp\libc_nano.a(lib_a-fwalk.o)
 .data          0x10000004        0x0 C:\Programs\GNU Tools ARM Embedded\10.3-2021.10\arm-none-eabi\lib\thumb\v6-m\nofp\libc_nano.a(lib_a-impure.o)
 .data          0x10000004        0x0 C:\Programs\GNU Tools ARM Embedded\10.3-2021.10\arm-none-eabi\lib\thumb\v6-m\nofp\libc_nano.a(lib_a-localeconv.o)
 .data          0x10000004        0x0 C:\Programs\GNU Tools ARM Embedded\10.3-2021.10\arm-none-eabi\lib\thumb\v6-m\nofp\libc_nano.a(lib_a-lock.o)
 .data          0x10000004        0x0 C:\Programs\GNU Tools ARM Embedded\10.3-2021.10\arm-none-eabi\lib\thumb\v6-m\nofp\libc_nano.a(lib_a-makebuf.o)
 .data          0x10000004        0x0 C:\Programs\GNU Tools ARM Embedded\10.3-2021.10\arm-none-eabi\lib\thumb\v6-m\nofp\libc_nano.a(lib_a-malloc.o)
 .data          0x10000004        0x0 C:\Programs\GNU Tools ARM Embedded\10.3-2021.10\arm-none-eabi\lib\thumb\v6-m\nofp\libc_nano.a(lib_a-memchr-stub.o)
 .data          0x10000004        0x0 C:\Programs\GNU Tools ARM Embedded\10.3-2021.10\arm-none-eabi\lib\thumb\v6-m\nofp\libc_nano.a(lib_a-memcpy-stub.o)
 .data          0x10000004        0x0 C:\Programs\GNU Tools ARM Embedded\10.3-2021.10\arm-none-eabi\lib\thumb\v6-m\nofp\libc_nano.a(lib_a-memset.o)
 .data          0x10000004        0x0 C:\Programs\GNU Tools ARM Embedded\10.3-2021.10\arm-none-eabi\lib\thumb\v6-m\nofp\libc_nano.a(lib_a-mprec.o)
 .data          0x10000004        0x0 C:\Programs\GNU Tools ARM Embedded\10.3-2021.10\arm-none-eabi\lib\thumb\v6-m\nofp\libc_nano.a(lib_a-nano-callocr.o)
 .data          0x10000004        0x0 C:\Programs\GNU Tools ARM Embedded\10.3-2021.10\arm-none-eabi\lib\thumb\v6-m\nofp\libc_nano.a(lib_a-nano-freer.o)
 .data          0x10000004        0x0 C:\Programs\GNU Tools ARM Embedded\10.3-2021.10\arm-none-eabi\lib\thumb\v6-m\nofp\libc_nano.a(lib_a-nano-mallocr.o)
 .data          0x10000004        0x0 C:\Programs\GNU Tools ARM Embedded\10.3-2021.10\arm-none-eabi\lib\thumb\v6-m\nofp\libc_nano.a(lib_a-nano-vfprintf.o)
 .data          0x10000004        0x0 C:\Programs\GNU Tools ARM Embedded\10.3-2021.10\arm-none-eabi\lib\thumb\v6-m\nofp\libc_nano.a(lib_a-sbrkr.o)
 .data          0x10000004        0x0 C:\Programs\GNU Tools ARM Embedded\10.3-2021.10\arm-none-eabi\lib\thumb\v6-m\nofp\libc_nano.a(lib_a-stdio.o)
 .data          0x10000004        0x0 C:\Programs\GNU Tools ARM Embedded\10.3-2021.10\arm-none-eabi\lib\thumb\v6-m\nofp\libc_nano.a(lib_a-writer.o)
 .data          0x10000004        0x0 C:\Programs\GNU Tools ARM Embedded\10.3-2021.10\arm-none-eabi\lib\thumb\v6-m\nofp\libc_nano.a(lib_a-assert.o)
 .data          0x10000004        0x0 C:\Programs\GNU Tools ARM Embedded\10.3-2021.10\arm-none-eabi\lib\thumb\v6-m\nofp\libc_nano.a(lib_a-closer.o)
 .data          0x10000004        0x0 C:\Programs\GNU Tools ARM Embedded\10.3-2021.10\arm-none-eabi\lib\thumb\v6-m\nofp\libc_nano.a(lib_a-fprintf.o)
 .data          0x10000004        0x0 C:\Programs\GNU Tools ARM Embedded\10.3-2021.10\arm-none-eabi\lib\thumb\v6-m\nofp\libc_nano.a(lib_a-fstatr.o)
 .data          0x10000004        0x0 C:\Programs\GNU Tools ARM Embedded\10.3-2021.10\arm-none-eabi\lib\thumb\v6-m\nofp\libc_nano.a(lib_a-fvwrite.o)
 .data          0x10000004        0x0 C:\Programs\GNU Tools ARM Embedded\10.3-2021.10\arm-none-eabi\lib\thumb\v6-m\nofp\libc_nano.a(lib_a-isattyr.o)
 .data          0x10000004        0x0 C:\Programs\GNU Tools ARM Embedded\10.3-2021.10\arm-none-eabi\lib\thumb\v6-m\nofp\libc_nano.a(lib_a-locale.o)
 .data          0x10000004        0x0 C:\Programs\GNU Tools ARM Embedded\10.3-2021.10\arm-none-eabi\lib\thumb\v6-m\nofp\libc_nano.a(lib_a-lseekr.o)
 .data          0x10000004        0x0 C:\Programs\GNU Tools ARM Embedded\10.3-2021.10\arm-none-eabi\lib\thumb\v6-m\nofp\libc_nano.a(lib_a-mbtowc_r.o)
 .data          0x10000004        0x0 C:\Programs\GNU Tools ARM Embedded\10.3-2021.10\arm-none-eabi\lib\thumb\v6-m\nofp\libc_nano.a(lib_a-memmove.o)
 .data          0x10000004        0x0 C:\Programs\GNU Tools ARM Embedded\10.3-2021.10\arm-none-eabi\lib\thumb\v6-m\nofp\libc_nano.a(lib_a-mlock.o)
 .data          0x10000004        0x0 C:\Programs\GNU Tools ARM Embedded\10.3-2021.10\arm-none-eabi\lib\thumb\v6-m\nofp\libc_nano.a(lib_a-nano-reallocr.o)
 .data          0x10000004        0x0 C:\Programs\GNU Tools ARM Embedded\10.3-2021.10\arm-none-eabi\lib\thumb\v6-m\nofp\libc_nano.a(lib_a-readr.o)
 .data          0x10000004        0x0 C:\Programs\GNU Tools ARM Embedded\10.3-2021.10\arm-none-eabi\lib\thumb\v6-m\nofp\libc_nano.a(lib_a-strcmp.o)
 .data          0x10000004        0x0 C:\Programs\GNU Tools ARM Embedded\10.3-2021.10\arm-none-eabi\lib\thumb\v6-m\nofp\libc_nano.a(lib_a-wctomb_r.o)
 .data          0x10000004        0x0 C:\Programs\GNU Tools ARM Embedded\10.3-2021.10\arm-none-eabi\lib\thumb\v6-m\nofp\libc_nano.a(lib_a-abort.o)
 .data          0x10000004        0x0 C:\Programs\GNU Tools ARM Embedded\10.3-2021.10\arm-none-eabi\lib\thumb\v6-m\nofp\libc_nano.a(lib_a-ctype_.o)
 .data          0x10000004        0x0 C:\Programs\GNU Tools ARM Embedded\10.3-2021.10\arm-none-eabi\lib\thumb\v6-m\nofp\libc_nano.a(lib_a-nano-msizer.o)
 .data          0x10000004        0x0 C:\Programs\GNU Tools ARM Embedded\10.3-2021.10\arm-none-eabi\lib\thumb\v6-m\nofp\libc_nano.a(lib_a-signal.o)
 .data          0x10000004        0x0 C:\Programs\GNU Tools ARM Embedded\10.3-2021.10\arm-none-eabi\lib\thumb\v6-m\nofp\libc_nano.a(lib_a-signalr.o)
 .data          0x10000004        0x0 C:\Programs\GNU Tools ARM Embedded\10.3-2021.10\lib\gcc\arm-none-eabi\10.3.1\thumb\v6-m\nofp\libgcc.a(_thumb1_case_uqi.o)
 .data          0x10000004        0x0 C:\Programs\GNU Tools ARM Embedded\10.3-2021.10\lib\gcc\arm-none-eabi\10.3.1\thumb\v6-m\nofp\libgcc.a(_thumb1_case_shi.o)
 .data          0x10000004        0x0 C:\Programs\GNU Tools ARM Embedded\10.3-2021.10\lib\gcc\arm-none-eabi\10.3.1\thumb\v6-m\nofp\libgcc.a(_udivsi3.o)
 .data          0x10000004        0x0 C:\Programs\GNU Tools ARM Embedded\10.3-2021.10\lib\gcc\arm-none-eabi\10.3.1\thumb\v6-m\nofp\libgcc.a(_arm_cmpdf2.o)
 .data          0x10000004        0x0 C:\Programs\GNU Tools ARM Embedded\10.3-2021.10\lib\gcc\arm-none-eabi\10.3.1\thumb\v6-m\nofp\libgcc.a(adddf3.o)
 .data          0x10000004        0x0 C:\Programs\GNU Tools ARM Embedded\10.3-2021.10\lib\gcc\arm-none-eabi\10.3.1\thumb\v6-m\nofp\libgcc.a(divdf3.o)
 .data          0x10000004        0x0 C:\Programs\GNU Tools ARM Embedded\10.3-2021.10\lib\gcc\arm-none-eabi\10.3.1\thumb\v6-m\nofp\libgcc.a(eqdf2.o)
 .data          0x10000004        0x0 C:\Programs\GNU Tools ARM Embedded\10.3-2021.10\lib\gcc\arm-none-eabi\10.3.1\thumb\v6-m\nofp\libgcc.a(gedf2.o)
 .data          0x10000004        0x0 C:\Programs\GNU Tools ARM Embedded\10.3-2021.10\lib\gcc\arm-none-eabi\10.3.1\thumb\v6-m\nofp\libgcc.a(ledf2.o)
 .data          0x10000004        0x0 C:\Programs\GNU Tools ARM Embedded\10.3-2021.10\lib\gcc\arm-none-eabi\10.3.1\thumb\v6-m\nofp\libgcc.a(subdf3.o)
 .data          0x10000004        0x0 C:\Programs\GNU Tools ARM Embedded\10.3-2021.10\lib\gcc\arm-none-eabi\10.3.1\thumb\v6-m\nofp\libgcc.a(unorddf2.o)
 .data          0x10000004        0x0 C:\Programs\GNU Tools ARM Embedded\10.3-2021.10\lib\gcc\arm-none-eabi\10.3.1\thumb\v6-m\nofp\libgcc.a(fixdfsi.o)
 .data          0x10000004        0x0 C:\Programs\GNU Tools ARM Embedded\10.3-2021.10\lib\gcc\arm-none-eabi\10.3.1\thumb\v6-m\nofp\libgcc.a(floatunsidf.o)
 *(.data*)
 .data._impure_ptr
                0x10000004        0x4 C:\Programs\GNU Tools ARM Embedded\10.3-2021.10\arm-none-eabi\lib\thumb\v6-m\nofp\libc_nano.a(lib_a-impure.o)
                0x10000004                _impure_ptr
 .data.impure_data
                0x10000008       0x60 C:\Programs\GNU Tools ARM Embedded\10.3-2021.10\arm-none-eabi\lib\thumb\v6-m\nofp\libc_nano.a(lib_a-impure.o)
 .data.__global_locale
                0x10000068      0x16c C:\Programs\GNU Tools ARM Embedded\10.3-2021.10\arm-none-eabi\lib\thumb\v6-m\nofp\libc_nano.a(lib_a-locale.o)
                0x10000068                __global_locale
                0x100001d4                INIT_DATA_END = .

.igot.plt       0x100001d4        0x0 load address 0x00006748
 .igot.plt      0x100001d4        0x0 init.o
                0x100001d4                . = ALIGN (0x4)
                0x100001d4                BSS_START = .

.bss            0x100001d4       0x40 load address 0x00006748
                0x100001d4                __bss_start__ = .
 *(.bss)
 .bss           0x100001d4        0x0 init.o
 .bss           0x100001d4        0x0 main.o
 .bss           0x100001d4       0x1c serial.o
 .bss           0x100001f0        0x8 newlib_stubs.o
                0x100001f0                __env
 .bss           0x100001f8        0x0 C:\Programs\GNU Tools ARM Embedded\10.3-2021.10\lib\gcc\arm-none-eabi\10.3.1\thumb\v6-m\nofp\libgcc.a(_divsi3.o)
 .bss           0x100001f8        0x0 C:\Programs\GNU Tools ARM Embedded\10.3-2021.10\lib\gcc\arm-none-eabi\10.3.1\thumb\v6-m\nofp\libgcc.a(_dvmd_tls.o)
 .bss           0x100001f8        0x0 C:\Programs\GNU Tools ARM Embedded\10.3-2021.10\lib\gcc\arm-none-eabi\10.3.1\thumb\v6-m\nofp\libgcc.a(muldf3.o)
 .bss           0x100001f8        0x0 C:\Programs\GNU Tools ARM Embedded\10.3-2021.10\lib\gcc\arm-none-eabi\10.3.1\thumb\v6-m\nofp\libgcc.a(floatsidf.o)
 .bss           0x100001f8        0x0 C:\Programs\GNU Tools ARM Embedded\10.3-2021.10\lib\gcc\arm-none-eabi\10.3.1\thumb\v6-m\nofp\libgcc.a(_clzsi2.o)
 .bss           0x100001f8        0x0 C:\Programs\GNU Tools ARM Embedded\10.3-2021.10\arm-none-eabi\lib\thumb\v6-m\nofp\libc_nano.a(lib_a-nano-vfprintf_float.o)
 .bss           0x100001f8        0x0 C:\Programs\GNU Tools ARM Embedded\10.3-2021.10\arm-none-eabi\lib\thumb\v6-m\nofp\libc_nano.a(lib_a-nano-vfprintf_i.o)
 .bss           0x100001f8        0x0 C:\Programs\GNU Tools ARM Embedded\10.3-2021.10\arm-none-eabi\lib\thumb\v6-m\nofp\libc_nano.a(lib_a-printf.o)
 .bss           0x100001f8        0x0 C:\Programs\GNU Tools ARM Embedded\10.3-2021.10\arm-none-eabi\lib\thumb\v6-m\nofp\libc_nano.a(lib_a-puts.o)
 .bss           0x100001f8        0x0 C:\Programs\GNU Tools ARM Embedded\10.3-2021.10\arm-none-eabi\lib\thumb\v6-m\nofp\libc_nano.a(lib_a-reent.o)
 .bss           0x100001f8        0x0 C:\Programs\GNU Tools ARM Embedded\10.3-2021.10\arm-none-eabi\lib\thumb\v6-m\nofp\libc_nano.a(lib_a-strlen.o)
 .bss           0x100001f8        0x0 C:\Programs\GNU Tools ARM Embedded\10.3-2021.10\arm-none-eabi\lib\thumb\v6-m\nofp\libc_nano.a(lib_a-wbuf.o)
 .bss           0x100001f8        0x0 C:\Programs\GNU Tools ARM Embedded\10.3-2021.10\arm-none-eabi\lib\thumb\v6-m\nofp\libc_nano.a(lib_a-wsetup.o)
 .bss           0x100001f8        0x0 C:\Programs\GNU Tools ARM Embedded\10.3-2021.10\arm-none-eabi\lib\thumb\v6-m\nofp\libc_nano.a(lib_a-dtoa.o)
 .bss           0x100001f8        0x0 C:\Programs\GNU Tools ARM Embedded\10.3-2021.10\arm-none-eabi\lib\thumb\v6-m\nofp\libc_nano.a(lib_a-fflush.o)
 .bss           0x100001f8        0x0 C:\Programs\GNU Tools ARM Embedded\10.3-2021.10\arm-none-eabi\lib\thumb\v6-m\nofp\libc_nano.a(lib_a-findfp.o)
 .bss           0x100001f8        0x0 C:\Programs\GNU Tools ARM Embedded\10.3-2021.10\arm-none-eabi\lib\thumb\v6-m\nofp\libc_nano.a(lib_a-fwalk.o)
 .bss           0x100001f8        0x0 C:\Programs\GNU Tools ARM Embedded\10.3-2021.10\arm-none-eabi\lib\thumb\v6-m\nofp\libc_nano.a(lib_a-impure.o)
 .bss           0x100001f8        0x0 C:\Programs\GNU Tools ARM Embedded\10.3-2021.10\arm-none-eabi\lib\thumb\v6-m\nofp\libc_nano.a(lib_a-localeconv.o)
 .bss           0x100001f8        0x0 C:\Programs\GNU Tools ARM Embedded\10.3-2021.10\arm-none-eabi\lib\thumb\v6-m\nofp\libc_nano.a(lib_a-lock.o)
 .bss           0x100001f8        0x0 C:\Programs\GNU Tools ARM Embedded\10.3-2021.10\arm-none-eabi\lib\thumb\v6-m\nofp\libc_nano.a(lib_a-makebuf.o)
 .bss           0x100001f8        0x0 C:\Programs\GNU Tools ARM Embedded\10.3-2021.10\arm-none-eabi\lib\thumb\v6-m\nofp\libc_nano.a(lib_a-malloc.o)
 .bss           0x100001f8        0x0 C:\Programs\GNU Tools ARM Embedded\10.3-2021.10\arm-none-eabi\lib\thumb\v6-m\nofp\libc_nano.a(lib_a-memchr-stub.o)
 .bss           0x100001f8        0x0 C:\Programs\GNU Tools ARM Embedded\10.3-2021.10\arm-none-eabi\lib\thumb\v6-m\nofp\libc_nano.a(lib_a-memcpy-stub.o)
 .bss           0x100001f8        0x0 C:\Programs\GNU Tools ARM Embedded\10.3-2021.10\arm-none-eabi\lib\thumb\v6-m\nofp\libc_nano.a(lib_a-memset.o)
 .bss           0x100001f8        0x0 C:\Programs\GNU Tools ARM Embedded\10.3-2021.10\arm-none-eabi\lib\thumb\v6-m\nofp\libc_nano.a(lib_a-mprec.o)
 .bss           0x100001f8        0x0 C:\Programs\GNU Tools ARM Embedded\10.3-2021.10\arm-none-eabi\lib\thumb\v6-m\nofp\libc_nano.a(lib_a-nano-callocr.o)
 .bss           0x100001f8        0x0 C:\Programs\GNU Tools ARM Embedded\10.3-2021.10\arm-none-eabi\lib\thumb\v6-m\nofp\libc_nano.a(lib_a-nano-freer.o)
 .bss           0x100001f8        0x0 C:\Programs\GNU Tools ARM Embedded\10.3-2021.10\arm-none-eabi\lib\thumb\v6-m\nofp\libc_nano.a(lib_a-nano-mallocr.o)
 .bss           0x100001f8        0x0 C:\Programs\GNU Tools ARM Embedded\10.3-2021.10\arm-none-eabi\lib\thumb\v6-m\nofp\libc_nano.a(lib_a-nano-vfprintf.o)
 .bss           0x100001f8        0x0 C:\Programs\GNU Tools ARM Embedded\10.3-2021.10\arm-none-eabi\lib\thumb\v6-m\nofp\libc_nano.a(lib_a-sbrkr.o)
 .bss           0x100001f8        0x0 C:\Programs\GNU Tools ARM Embedded\10.3-2021.10\arm-none-eabi\lib\thumb\v6-m\nofp\libc_nano.a(lib_a-stdio.o)
 .bss           0x100001f8        0x0 C:\Programs\GNU Tools ARM Embedded\10.3-2021.10\arm-none-eabi\lib\thumb\v6-m\nofp\libc_nano.a(lib_a-writer.o)
 .bss           0x100001f8        0x0 C:\Programs\GNU Tools ARM Embedded\10.3-2021.10\arm-none-eabi\lib\thumb\v6-m\nofp\libc_nano.a(lib_a-assert.o)
 .bss           0x100001f8        0x0 C:\Programs\GNU Tools ARM Embedded\10.3-2021.10\arm-none-eabi\lib\thumb\v6-m\nofp\libc_nano.a(lib_a-closer.o)
 .bss           0x100001f8        0x0 C:\Programs\GNU Tools ARM Embedded\10.3-2021.10\arm-none-eabi\lib\thumb\v6-m\nofp\libc_nano.a(lib_a-fprintf.o)
 .bss           0x100001f8        0x0 C:\Programs\GNU Tools ARM Embedded\10.3-2021.10\arm-none-eabi\lib\thumb\v6-m\nofp\libc_nano.a(lib_a-fstatr.o)
 .bss           0x100001f8        0x0 C:\Programs\GNU Tools ARM Embedded\10.3-2021.10\arm-none-eabi\lib\thumb\v6-m\nofp\libc_nano.a(lib_a-fvwrite.o)
 .bss           0x100001f8        0x0 C:\Programs\GNU Tools ARM Embedded\10.3-2021.10\arm-none-eabi\lib\thumb\v6-m\nofp\libc_nano.a(lib_a-isattyr.o)
 .bss           0x100001f8        0x0 C:\Programs\GNU Tools ARM Embedded\10.3-2021.10\arm-none-eabi\lib\thumb\v6-m\nofp\libc_nano.a(lib_a-locale.o)
 .bss           0x100001f8        0x0 C:\Programs\GNU Tools ARM Embedded\10.3-2021.10\arm-none-eabi\lib\thumb\v6-m\nofp\libc_nano.a(lib_a-lseekr.o)
 .bss           0x100001f8        0x0 C:\Programs\GNU Tools ARM Embedded\10.3-2021.10\arm-none-eabi\lib\thumb\v6-m\nofp\libc_nano.a(lib_a-mbtowc_r.o)
 .bss           0x100001f8        0x0 C:\Programs\GNU Tools ARM Embedded\10.3-2021.10\arm-none-eabi\lib\thumb\v6-m\nofp\libc_nano.a(lib_a-memmove.o)
 .bss           0x100001f8        0x0 C:\Programs\GNU Tools ARM Embedded\10.3-2021.10\arm-none-eabi\lib\thumb\v6-m\nofp\libc_nano.a(lib_a-mlock.o)
 .bss           0x100001f8        0x0 C:\Programs\GNU Tools ARM Embedded\10.3-2021.10\arm-none-eabi\lib\thumb\v6-m\nofp\libc_nano.a(lib_a-nano-reallocr.o)
 .bss           0x100001f8        0x0 C:\Programs\GNU Tools ARM Embedded\10.3-2021.10\arm-none-eabi\lib\thumb\v6-m\nofp\libc_nano.a(lib_a-readr.o)
 .bss           0x100001f8        0x0 C:\Programs\GNU Tools ARM Embedded\10.3-2021.10\arm-none-eabi\lib\thumb\v6-m\nofp\libc_nano.a(lib_a-strcmp.o)
 .bss           0x100001f8        0x0 C:\Programs\GNU Tools ARM Embedded\10.3-2021.10\arm-none-eabi\lib\thumb\v6-m\nofp\libc_nano.a(lib_a-wctomb_r.o)
 .bss           0x100001f8        0x0 C:\Programs\GNU Tools ARM Embedded\10.3-2021.10\arm-none-eabi\lib\thumb\v6-m\nofp\libc_nano.a(lib_a-abort.o)
 .bss           0x100001f8        0x0 C:\Programs\GNU Tools ARM Embedded\10.3-2021.10\arm-none-eabi\lib\thumb\v6-m\nofp\libc_nano.a(lib_a-ctype_.o)
 .bss           0x100001f8        0x0 C:\Programs\GNU Tools ARM Embedded\10.3-2021.10\arm-none-eabi\lib\thumb\v6-m\nofp\libc_nano.a(lib_a-nano-msizer.o)
 .bss           0x100001f8        0x0 C:\Programs\GNU Tools ARM Embedded\10.3-2021.10\arm-none-eabi\lib\thumb\v6-m\nofp\libc_nano.a(lib_a-signal.o)
 .bss           0x100001f8        0x0 C:\Programs\GNU Tools ARM Embedded\10.3-2021.10\arm-none-eabi\lib\thumb\v6-m\nofp\libc_nano.a(lib_a-signalr.o)
 .bss           0x100001f8        0x0 C:\Programs\GNU Tools ARM Embedded\10.3-2021.10\lib\gcc\arm-none-eabi\10.3.1\thumb\v6-m\nofp\libgcc.a(_thumb1_case_uqi.o)
 .bss           0x100001f8        0x0 C:\Programs\GNU Tools ARM Embedded\10.3-2021.10\lib\gcc\arm-none-eabi\10.3.1\thumb\v6-m\nofp\libgcc.a(_thumb1_case_shi.o)
 .bss           0x100001f8        0x0 C:\Programs\GNU Tools ARM Embedded\10.3-2021.10\lib\gcc\arm-none-eabi\10.3.1\thumb\v6-m\nofp\libgcc.a(_udivsi3.o)
 .bss           0x100001f8        0x0 C:\Programs\GNU Tools ARM Embedded\10.3-2021.10\lib\gcc\arm-none-eabi\10.3.1\thumb\v6-m\nofp\libgcc.a(_arm_cmpdf2.o)
 .bss           0x100001f8        0x0 C:\Programs\GNU Tools ARM Embedded\10.3-2021.10\lib\gcc\arm-none-eabi\10.3.1\thumb\v6-m\nofp\libgcc.a(adddf3.o)
 .bss           0x100001f8        0x0 C:\Programs\GNU Tools ARM Embedded\10.3-2021.10\lib\gcc\arm-none-eabi\10.3.1\thumb\v6-m\nofp\libgcc.a(divdf3.o)
 .bss           0x100001f8        0x0 C:\Programs\GNU Tools ARM Embedded\10.3-2021.10\lib\gcc\arm-none-eabi\10.3.1\thumb\v6-m\nofp\libgcc.a(eqdf2.o)
 .bss           0x100001f8        0x0 C:\Programs\GNU Tools ARM Embedded\10.3-2021.10\lib\gcc\arm-none-eabi\10.3.1\thumb\v6-m\nofp\libgcc.a(gedf2.o)
 .bss           0x100001f8        0x0 C:\Programs\GNU Tools ARM Embedded\10.3-2021.10\lib\gcc\arm-none-eabi\10.3.1\thumb\v6-m\nofp\libgcc.a(ledf2.o)
 .bss           0x100001f8        0x0 C:\Programs\GNU Tools ARM Embedded\10.3-2021.10\lib\gcc\arm-none-eabi\10.3.1\thumb\v6-m\nofp\libgcc.a(subdf3.o)
 .bss           0x100001f8        0x0 C:\Programs\GNU Tools ARM Embedded\10.3-2021.10\lib\gcc\arm-none-eabi\10.3.1\thumb\v6-m\nofp\libgcc.a(unorddf2.o)
 .bss           0x100001f8        0x0 C:\Programs\GNU Tools ARM Embedded\10.3-2021.10\lib\gcc\arm-none-eabi\10.3.1\thumb\v6-m\nofp\libgcc.a(fixdfsi.o)
 .bss           0x100001f8        0x0 C:\Programs\GNU Tools ARM Embedded\10.3-2021.10\lib\gcc\arm-none-eabi\10.3.1\thumb\v6-m\nofp\libgcc.a(floatunsidf.o)
 *(.bss*)
 .bss.errno     0x100001f8        0x4 C:\Programs\GNU Tools ARM Embedded\10.3-2021.10\arm-none-eabi\lib\thumb\v6-m\nofp\libc_nano.a(lib_a-reent.o)
                0x100001f8                errno
 .bss.__lock___arc4random_mutex
                0x100001fc        0x1 C:\Programs\GNU Tools ARM Embedded\10.3-2021.10\arm-none-eabi\lib\thumb\v6-m\nofp\libc_nano.a(lib_a-lock.o)
                0x100001fc                __lock___arc4random_mutex
 .bss.__lock___at_quick_exit_mutex
                0x100001fd        0x1 C:\Programs\GNU Tools ARM Embedded\10.3-2021.10\arm-none-eabi\lib\thumb\v6-m\nofp\libc_nano.a(lib_a-lock.o)
                0x100001fd                __lock___at_quick_exit_mutex
 .bss.__lock___atexit_recursive_mutex
                0x100001fe        0x1 C:\Programs\GNU Tools ARM Embedded\10.3-2021.10\arm-none-eabi\lib\thumb\v6-m\nofp\libc_nano.a(lib_a-lock.o)
                0x100001fe                __lock___atexit_recursive_mutex
 .bss.__lock___dd_hash_mutex
                0x100001ff        0x1 C:\Programs\GNU Tools ARM Embedded\10.3-2021.10\arm-none-eabi\lib\thumb\v6-m\nofp\libc_nano.a(lib_a-lock.o)
                0x100001ff                __lock___dd_hash_mutex
 .bss.__lock___env_recursive_mutex
                0x10000200        0x1 C:\Programs\GNU Tools ARM Embedded\10.3-2021.10\arm-none-eabi\lib\thumb\v6-m\nofp\libc_nano.a(lib_a-lock.o)
                0x10000200                __lock___env_recursive_mutex
 .bss.__lock___malloc_recursive_mutex
                0x10000201        0x1 C:\Programs\GNU Tools ARM Embedded\10.3-2021.10\arm-none-eabi\lib\thumb\v6-m\nofp\libc_nano.a(lib_a-lock.o)
                0x10000201                __lock___malloc_recursive_mutex
 .bss.__lock___sfp_recursive_mutex
                0x10000202        0x1 C:\Programs\GNU Tools ARM Embedded\10.3-2021.10\arm-none-eabi\lib\thumb\v6-m\nofp\libc_nano.a(lib_a-lock.o)
                0x10000202                __lock___sfp_recursive_mutex
 .bss.__lock___sinit_recursive_mutex
                0x10000203        0x1 C:\Programs\GNU Tools ARM Embedded\10.3-2021.10\arm-none-eabi\lib\thumb\v6-m\nofp\libc_nano.a(lib_a-lock.o)
                0x10000203                __lock___sinit_recursive_mutex
 .bss.__lock___tz_mutex
                0x10000204        0x1 C:\Programs\GNU Tools ARM Embedded\10.3-2021.10\arm-none-eabi\lib\thumb\v6-m\nofp\libc_nano.a(lib_a-lock.o)
                0x10000204                __lock___tz_mutex
 *fill*         0x10000205        0x3 
 .bss.__malloc_free_list
                0x10000208        0x4 C:\Programs\GNU Tools ARM Embedded\10.3-2021.10\arm-none-eabi\lib\thumb\v6-m\nofp\libc_nano.a(lib_a-nano-mallocr.o)
                0x10000208                __malloc_free_list
 .bss.__malloc_sbrk_start
                0x1000020c        0x4 C:\Programs\GNU Tools ARM Embedded\10.3-2021.10\arm-none-eabi\lib\thumb\v6-m\nofp\libc_nano.a(lib_a-nano-mallocr.o)
                0x1000020c                __malloc_sbrk_start
 .bss._PathLocale
                0x10000210        0x4 C:\Programs\GNU Tools ARM Embedded\10.3-2021.10\arm-none-eabi\lib\thumb\v6-m\nofp\libc_nano.a(lib_a-locale.o)
                0x10000210                _PathLocale
 *(COMMON)
                0x10000214                _ebss = .
                0x10000214                __bss_end__ = .
                0x10000214                BSS_END = .
OUTPUT(main.elf elf32-littlearm)
LOAD linker stubs

.debug_info     0x00000000      0xc4c
 .debug_info    0x00000000      0x120 init.o
 .debug_info    0x00000120      0x105 main.o
 .debug_info    0x00000225      0x307 serial.o
 .debug_info    0x0000052c      0x720 newlib_stubs.o

.debug_abbrev   0x00000000      0x4a1
 .debug_abbrev  0x00000000       0xef init.o
 .debug_abbrev  0x000000ef       0xab main.o
 .debug_abbrev  0x0000019a      0x18a serial.o
 .debug_abbrev  0x00000324      0x17d newlib_stubs.o

.debug_aranges  0x00000000       0x80
 .debug_aranges
                0x00000000       0x20 init.o
 .debug_aranges
                0x00000020       0x20 main.o
 .debug_aranges
                0x00000040       0x20 serial.o
 .debug_aranges
                0x00000060       0x20 newlib_stubs.o

.debug_line     0x00000000      0x630
 .debug_line    0x00000000       0xb9 init.o
 .debug_line    0x000000b9      0x103 main.o
 .debug_line    0x000001bc      0x1c8 serial.o
 .debug_line    0x00000384      0x2ac newlib_stubs.o

.debug_str      0x00000000      0x47b
 .debug_str     0x00000000      0x11c init.o
                                0x133 (size before relaxing)
 .debug_str     0x0000011c       0x83 main.o
                                0x162 (size before relaxing)
 .debug_str     0x0000019f       0xbd serial.o
                                0x17b (size before relaxing)
 .debug_str     0x0000025c      0x21f newlib_stubs.o
                                0x39a (size before relaxing)

.comment        0x00000000       0x49
 .comment       0x00000000       0x49 init.o
                                 0x4a (size before relaxing)
 .comment       0x00000049       0x4a main.o
 .comment       0x00000049       0x4a serial.o
 .comment       0x00000049       0x4a newlib_stubs.o

.ARM.attributes
                0x00000000       0x2a
 .ARM.attributes
                0x00000000       0x2c init.o
 .ARM.attributes
                0x0000002c       0x2c main.o
 .ARM.attributes
                0x00000058       0x2c serial.o
 .ARM.attributes
                0x00000084       0x2c newlib_stubs.o
 .ARM.attributes
                0x000000b0       0x1e C:\Programs\GNU Tools ARM Embedded\10.3-2021.10\lib\gcc\arm-none-eabi\10.3.1\thumb\v6-m\nofp\libgcc.a(_divsi3.o)
 .ARM.attributes
                0x000000ce       0x1e C:\Programs\GNU Tools ARM Embedded\10.3-2021.10\lib\gcc\arm-none-eabi\10.3.1\thumb\v6-m\nofp\libgcc.a(_dvmd_tls.o)
 .ARM.attributes
                0x000000ec       0x2c C:\Programs\GNU Tools ARM Embedded\10.3-2021.10\lib\gcc\arm-none-eabi\10.3.1\thumb\v6-m\nofp\libgcc.a(muldf3.o)
 .ARM.attributes
                0x00000118       0x2c C:\Programs\GNU Tools ARM Embedded\10.3-2021.10\lib\gcc\arm-none-eabi\10.3.1\thumb\v6-m\nofp\libgcc.a(floatsidf.o)
 .ARM.attributes
                0x00000144       0x1e C:\Programs\GNU Tools ARM Embedded\10.3-2021.10\lib\gcc\arm-none-eabi\10.3.1\thumb\v6-m\nofp\libgcc.a(_clzsi2.o)
 .ARM.attributes
                0x00000162       0x2c C:\Programs\GNU Tools ARM Embedded\10.3-2021.10\arm-none-eabi\lib\thumb\v6-m\nofp\libc_nano.a(lib_a-nano-vfprintf_float.o)
 .ARM.attributes
                0x0000018e       0x2c C:\Programs\GNU Tools ARM Embedded\10.3-2021.10\arm-none-eabi\lib\thumb\v6-m\nofp\libc_nano.a(lib_a-nano-vfprintf_i.o)
 .ARM.attributes
                0x000001ba       0x2c C:\Programs\GNU Tools ARM Embedded\10.3-2021.10\arm-none-eabi\lib\thumb\v6-m\nofp\libc_nano.a(lib_a-printf.o)
 .ARM.attributes
                0x000001e6       0x2c C:\Programs\GNU Tools ARM Embedded\10.3-2021.10\arm-none-eabi\lib\thumb\v6-m\nofp\libc_nano.a(lib_a-puts.o)
 .ARM.attributes
                0x00000212       0x2c C:\Programs\GNU Tools ARM Embedded\10.3-2021.10\arm-none-eabi\lib\thumb\v6-m\nofp\libc_nano.a(lib_a-reent.o)
 .ARM.attributes
                0x0000023e       0x1c C:\Programs\GNU Tools ARM Embedded\10.3-2021.10\arm-none-eabi\lib\thumb\v6-m\nofp\libc_nano.a(lib_a-strlen.o)
 .ARM.attributes
                0x0000025a       0x2c C:\Programs\GNU Tools ARM Embedded\10.3-2021.10\arm-none-eabi\lib\thumb\v6-m\nofp\libc_nano.a(lib_a-wbuf.o)
 .ARM.attributes
                0x00000286       0x2c C:\Programs\GNU Tools ARM Embedded\10.3-2021.10\arm-none-eabi\lib\thumb\v6-m\nofp\libc_nano.a(lib_a-wsetup.o)
 .ARM.attributes
                0x000002b2       0x2c C:\Programs\GNU Tools ARM Embedded\10.3-2021.10\arm-none-eabi\lib\thumb\v6-m\nofp\libc_nano.a(lib_a-dtoa.o)
 .ARM.attributes
                0x000002de       0x2c C:\Programs\GNU Tools ARM Embedded\10.3-2021.10\arm-none-eabi\lib\thumb\v6-m\nofp\libc_nano.a(lib_a-fflush.o)
 .ARM.attributes
                0x0000030a       0x2c C:\Programs\GNU Tools ARM Embedded\10.3-2021.10\arm-none-eabi\lib\thumb\v6-m\nofp\libc_nano.a(lib_a-findfp.o)
 .ARM.attributes
                0x00000336       0x2c C:\Programs\GNU Tools ARM Embedded\10.3-2021.10\arm-none-eabi\lib\thumb\v6-m\nofp\libc_nano.a(lib_a-fwalk.o)
 .ARM.attributes
                0x00000362       0x2c C:\Programs\GNU Tools ARM Embedded\10.3-2021.10\arm-none-eabi\lib\thumb\v6-m\nofp\libc_nano.a(lib_a-impure.o)
 .ARM.attributes
                0x0000038e       0x2c C:\Programs\GNU Tools ARM Embedded\10.3-2021.10\arm-none-eabi\lib\thumb\v6-m\nofp\libc_nano.a(lib_a-localeconv.o)
 .ARM.attributes
                0x000003ba       0x2c C:\Programs\GNU Tools ARM Embedded\10.3-2021.10\arm-none-eabi\lib\thumb\v6-m\nofp\libc_nano.a(lib_a-lock.o)
 .ARM.attributes
                0x000003e6       0x2c C:\Programs\GNU Tools ARM Embedded\10.3-2021.10\arm-none-eabi\lib\thumb\v6-m\nofp\libc_nano.a(lib_a-makebuf.o)
 .ARM.attributes
                0x00000412       0x2c C:\Programs\GNU Tools ARM Embedded\10.3-2021.10\arm-none-eabi\lib\thumb\v6-m\nofp\libc_nano.a(lib_a-malloc.o)
 .ARM.attributes
                0x0000043e       0x2c C:\Programs\GNU Tools ARM Embedded\10.3-2021.10\arm-none-eabi\lib\thumb\v6-m\nofp\libc_nano.a(lib_a-memchr-stub.o)
 .ARM.attributes
                0x0000046a       0x2c C:\Programs\GNU Tools ARM Embedded\10.3-2021.10\arm-none-eabi\lib\thumb\v6-m\nofp\libc_nano.a(lib_a-memcpy-stub.o)
 .ARM.attributes
                0x00000496       0x2c C:\Programs\GNU Tools ARM Embedded\10.3-2021.10\arm-none-eabi\lib\thumb\v6-m\nofp\libc_nano.a(lib_a-memset.o)
 .ARM.attributes
                0x000004c2       0x2c C:\Programs\GNU Tools ARM Embedded\10.3-2021.10\arm-none-eabi\lib\thumb\v6-m\nofp\libc_nano.a(lib_a-mprec.o)
 .ARM.attributes
                0x000004ee       0x2c C:\Programs\GNU Tools ARM Embedded\10.3-2021.10\arm-none-eabi\lib\thumb\v6-m\nofp\libc_nano.a(lib_a-nano-callocr.o)
 .ARM.attributes
                0x0000051a       0x2c C:\Programs\GNU Tools ARM Embedded\10.3-2021.10\arm-none-eabi\lib\thumb\v6-m\nofp\libc_nano.a(lib_a-nano-freer.o)
 .ARM.attributes
                0x00000546       0x2c C:\Programs\GNU Tools ARM Embedded\10.3-2021.10\arm-none-eabi\lib\thumb\v6-m\nofp\libc_nano.a(lib_a-nano-mallocr.o)
 .ARM.attributes
                0x00000572       0x2c C:\Programs\GNU Tools ARM Embedded\10.3-2021.10\arm-none-eabi\lib\thumb\v6-m\nofp\libc_nano.a(lib_a-nano-vfprintf.o)
 .ARM.attributes
                0x0000059e       0x2c C:\Programs\GNU Tools ARM Embedded\10.3-2021.10\arm-none-eabi\lib\thumb\v6-m\nofp\libc_nano.a(lib_a-sbrkr.o)
 .ARM.attributes
                0x000005ca       0x2c C:\Programs\GNU Tools ARM Embedded\10.3-2021.10\arm-none-eabi\lib\thumb\v6-m\nofp\libc_nano.a(lib_a-stdio.o)
 .ARM.attributes
                0x000005f6       0x2c C:\Programs\GNU Tools ARM Embedded\10.3-2021.10\arm-none-eabi\lib\thumb\v6-m\nofp\libc_nano.a(lib_a-writer.o)
 .ARM.attributes
                0x00000622       0x2c C:\Programs\GNU Tools ARM Embedded\10.3-2021.10\arm-none-eabi\lib\thumb\v6-m\nofp\libc_nano.a(lib_a-assert.o)
 .ARM.attributes
                0x0000064e       0x2c C:\Programs\GNU Tools ARM Embedded\10.3-2021.10\arm-none-eabi\lib\thumb\v6-m\nofp\libc_nano.a(lib_a-closer.o)
 .ARM.attributes
                0x0000067a       0x2c C:\Programs\GNU Tools ARM Embedded\10.3-2021.10\arm-none-eabi\lib\thumb\v6-m\nofp\libc_nano.a(lib_a-fprintf.o)
 .ARM.attributes
                0x000006a6       0x2c C:\Programs\GNU Tools ARM Embedded\10.3-2021.10\arm-none-eabi\lib\thumb\v6-m\nofp\libc_nano.a(lib_a-fstatr.o)
 .ARM.attributes
                0x000006d2       0x2c C:\Programs\GNU Tools ARM Embedded\10.3-2021.10\arm-none-eabi\lib\thumb\v6-m\nofp\libc_nano.a(lib_a-fvwrite.o)
 .ARM.attributes
                0x000006fe       0x2c C:\Programs\GNU Tools ARM Embedded\10.3-2021.10\arm-none-eabi\lib\thumb\v6-m\nofp\libc_nano.a(lib_a-isattyr.o)
 .ARM.attributes
                0x0000072a       0x2c C:\Programs\GNU Tools ARM Embedded\10.3-2021.10\arm-none-eabi\lib\thumb\v6-m\nofp\libc_nano.a(lib_a-locale.o)
 .ARM.attributes
                0x00000756       0x2c C:\Programs\GNU Tools ARM Embedded\10.3-2021.10\arm-none-eabi\lib\thumb\v6-m\nofp\libc_nano.a(lib_a-lseekr.o)
 .ARM.attributes
                0x00000782       0x2c C:\Programs\GNU Tools ARM Embedded\10.3-2021.10\arm-none-eabi\lib\thumb\v6-m\nofp\libc_nano.a(lib_a-mbtowc_r.o)
 .ARM.attributes
                0x000007ae       0x2c C:\Programs\GNU Tools ARM Embedded\10.3-2021.10\arm-none-eabi\lib\thumb\v6-m\nofp\libc_nano.a(lib_a-memmove.o)
 .ARM.attributes
                0x000007da       0x2c C:\Programs\GNU Tools ARM Embedded\10.3-2021.10\arm-none-eabi\lib\thumb\v6-m\nofp\libc_nano.a(lib_a-mlock.o)
 .ARM.attributes
                0x00000806       0x2c C:\Programs\GNU Tools ARM Embedded\10.3-2021.10\arm-none-eabi\lib\thumb\v6-m\nofp\libc_nano.a(lib_a-nano-reallocr.o)
 .ARM.attributes
                0x00000832       0x2c C:\Programs\GNU Tools ARM Embedded\10.3-2021.10\arm-none-eabi\lib\thumb\v6-m\nofp\libc_nano.a(lib_a-readr.o)
 .ARM.attributes
                0x0000085e       0x1c C:\Programs\GNU Tools ARM Embedded\10.3-2021.10\arm-none-eabi\lib\thumb\v6-m\nofp\libc_nano.a(lib_a-strcmp.o)
 .ARM.attributes
                0x0000087a       0x2c C:\Programs\GNU Tools ARM Embedded\10.3-2021.10\arm-none-eabi\lib\thumb\v6-m\nofp\libc_nano.a(lib_a-wctomb_r.o)
 .ARM.attributes
                0x000008a6       0x2c C:\Programs\GNU Tools ARM Embedded\10.3-2021.10\arm-none-eabi\lib\thumb\v6-m\nofp\libc_nano.a(lib_a-abort.o)
 .ARM.attributes
                0x000008d2       0x2c C:\Programs\GNU Tools ARM Embedded\10.3-2021.10\arm-none-eabi\lib\thumb\v6-m\nofp\libc_nano.a(lib_a-ctype_.o)
 .ARM.attributes
                0x000008fe       0x2c C:\Programs\GNU Tools ARM Embedded\10.3-2021.10\arm-none-eabi\lib\thumb\v6-m\nofp\libc_nano.a(lib_a-nano-msizer.o)
 .ARM.attributes
                0x0000092a       0x2c C:\Programs\GNU Tools ARM Embedded\10.3-2021.10\arm-none-eabi\lib\thumb\v6-m\nofp\libc_nano.a(lib_a-signal.o)
 .ARM.attributes
                0x00000956       0x2c C:\Programs\GNU Tools ARM Embedded\10.3-2021.10\arm-none-eabi\lib\thumb\v6-m\nofp\libc_nano.a(lib_a-signalr.o)
 .ARM.attributes
                0x00000982       0x1e C:\Programs\GNU Tools ARM Embedded\10.3-2021.10\lib\gcc\arm-none-eabi\10.3.1\thumb\v6-m\nofp\libgcc.a(_thumb1_case_uqi.o)
 .ARM.attributes
                0x000009a0       0x1e C:\Programs\GNU Tools ARM Embedded\10.3-2021.10\lib\gcc\arm-none-eabi\10.3.1\thumb\v6-m\nofp\libgcc.a(_thumb1_case_shi.o)
 .ARM.attributes
                0x000009be       0x1e C:\Programs\GNU Tools ARM Embedded\10.3-2021.10\lib\gcc\arm-none-eabi\10.3.1\thumb\v6-m\nofp\libgcc.a(_udivsi3.o)
 .ARM.attributes
                0x000009dc       0x1e C:\Programs\GNU Tools ARM Embedded\10.3-2021.10\lib\gcc\arm-none-eabi\10.3.1\thumb\v6-m\nofp\libgcc.a(_arm_cmpdf2.o)
 .ARM.attributes
                0x000009fa       0x2c C:\Programs\GNU Tools ARM Embedded\10.3-2021.10\lib\gcc\arm-none-eabi\10.3.1\thumb\v6-m\nofp\libgcc.a(adddf3.o)
 .ARM.attributes
                0x00000a26       0x2c C:\Programs\GNU Tools ARM Embedded\10.3-2021.10\lib\gcc\arm-none-eabi\10.3.1\thumb\v6-m\nofp\libgcc.a(divdf3.o)
 .ARM.attributes
                0x00000a52       0x2c C:\Programs\GNU Tools ARM Embedded\10.3-2021.10\lib\gcc\arm-none-eabi\10.3.1\thumb\v6-m\nofp\libgcc.a(eqdf2.o)
 .ARM.attributes
                0x00000a7e       0x2c C:\Programs\GNU Tools ARM Embedded\10.3-2021.10\lib\gcc\arm-none-eabi\10.3.1\thumb\v6-m\nofp\libgcc.a(gedf2.o)
 .ARM.attributes
                0x00000aaa       0x2c C:\Programs\GNU Tools ARM Embedded\10.3-2021.10\lib\gcc\arm-none-eabi\10.3.1\thumb\v6-m\nofp\libgcc.a(ledf2.o)
 .ARM.attributes
                0x00000ad6       0x2c C:\Programs\GNU Tools ARM Embedded\10.3-2021.10\lib\gcc\arm-none-eabi\10.3.1\thumb\v6-m\nofp\libgcc.a(subdf3.o)
 .ARM.attributes
                0x00000b02       0x2c C:\Programs\GNU Tools ARM Embedded\10.3-2021.10\lib\gcc\arm-none-eabi\10.3.1\thumb\v6-m\nofp\libgcc.a(unorddf2.o)
 .ARM.attributes
                0x00000b2e       0x2c C:\Programs\GNU Tools ARM Embedded\10.3-2021.10\lib\gcc\arm-none-eabi\10.3.1\thumb\v6-m\nofp\libgcc.a(fixdfsi.o)
 .ARM.attributes
                0x00000b5a       0x2c C:\Programs\GNU Tools ARM Embedded\10.3-2021.10\lib\gcc\arm-none-eabi\10.3.1\thumb\v6-m\nofp\libgcc.a(floatunsidf.o)

.debug_frame    0x00000000     0x1690
 .debug_frame   0x00000000       0x84 init.o
 .debug_frame   0x00000084       0x8c main.o
 .debug_frame   0x00000110      0x16c serial.o
 .debug_frame   0x0000027c      0x22c newlib_stubs.o
 .debug_frame   0x000004a8       0x20 C:\Programs\GNU Tools ARM Embedded\10.3-2021.10\lib\gcc\arm-none-eabi\10.3.1\thumb\v6-m\nofp\libgcc.a(_divsi3.o)
 .debug_frame   0x000004c8       0x3c C:\Programs\GNU Tools ARM Embedded\10.3-2021.10\lib\gcc\arm-none-eabi\10.3.1\thumb\v6-m\nofp\libgcc.a(muldf3.o)
 .debug_frame   0x00000504       0x2c C:\Programs\GNU Tools ARM Embedded\10.3-2021.10\lib\gcc\arm-none-eabi\10.3.1\thumb\v6-m\nofp\libgcc.a(floatsidf.o)
 .debug_frame   0x00000530       0x70 C:\Programs\GNU Tools ARM Embedded\10.3-2021.10\arm-none-eabi\lib\thumb\v6-m\nofp\libc_nano.a(lib_a-nano-vfprintf_float.o)
 .debug_frame   0x000005a0       0x54 C:\Programs\GNU Tools ARM Embedded\10.3-2021.10\arm-none-eabi\lib\thumb\v6-m\nofp\libc_nano.a(lib_a-nano-vfprintf_i.o)
 .debug_frame   0x000005f4       0x50 C:\Programs\GNU Tools ARM Embedded\10.3-2021.10\arm-none-eabi\lib\thumb\v6-m\nofp\libc_nano.a(lib_a-printf.o)
 .debug_frame   0x00000644       0x44 C:\Programs\GNU Tools ARM Embedded\10.3-2021.10\arm-none-eabi\lib\thumb\v6-m\nofp\libc_nano.a(lib_a-puts.o)
 .debug_frame   0x00000688       0x48 C:\Programs\GNU Tools ARM Embedded\10.3-2021.10\arm-none-eabi\lib\thumb\v6-m\nofp\libc_nano.a(lib_a-reent.o)
 .debug_frame   0x000006d0       0x48 C:\Programs\GNU Tools ARM Embedded\10.3-2021.10\arm-none-eabi\lib\thumb\v6-m\nofp\libc_nano.a(lib_a-wbuf.o)
 .debug_frame   0x00000718       0x2c C:\Programs\GNU Tools ARM Embedded\10.3-2021.10\arm-none-eabi\lib\thumb\v6-m\nofp\libc_nano.a(lib_a-wsetup.o)
 .debug_frame   0x00000744       0x54 C:\Programs\GNU Tools ARM Embedded\10.3-2021.10\arm-none-eabi\lib\thumb\v6-m\nofp\libc_nano.a(lib_a-dtoa.o)
 .debug_frame   0x00000798       0x68 C:\Programs\GNU Tools ARM Embedded\10.3-2021.10\arm-none-eabi\lib\thumb\v6-m\nofp\libc_nano.a(lib_a-fflush.o)
 .debug_frame   0x00000800      0x170 C:\Programs\GNU Tools ARM Embedded\10.3-2021.10\arm-none-eabi\lib\thumb\v6-m\nofp\libc_nano.a(lib_a-findfp.o)
 .debug_frame   0x00000970       0x58 C:\Programs\GNU Tools ARM Embedded\10.3-2021.10\arm-none-eabi\lib\thumb\v6-m\nofp\libc_nano.a(lib_a-fwalk.o)
 .debug_frame   0x000009c8       0x40 C:\Programs\GNU Tools ARM Embedded\10.3-2021.10\arm-none-eabi\lib\thumb\v6-m\nofp\libc_nano.a(lib_a-localeconv.o)
 .debug_frame   0x00000a08       0xb0 C:\Programs\GNU Tools ARM Embedded\10.3-2021.10\arm-none-eabi\lib\thumb\v6-m\nofp\libc_nano.a(lib_a-lock.o)
 .debug_frame   0x00000ab8       0x54 C:\Programs\GNU Tools ARM Embedded\10.3-2021.10\arm-none-eabi\lib\thumb\v6-m\nofp\libc_nano.a(lib_a-makebuf.o)
 .debug_frame   0x00000b0c       0x40 C:\Programs\GNU Tools ARM Embedded\10.3-2021.10\arm-none-eabi\lib\thumb\v6-m\nofp\libc_nano.a(lib_a-malloc.o)
 .debug_frame   0x00000b4c       0x20 C:\Programs\GNU Tools ARM Embedded\10.3-2021.10\arm-none-eabi\lib\thumb\v6-m\nofp\libc_nano.a(lib_a-memchr-stub.o)
 .debug_frame   0x00000b6c       0x28 C:\Programs\GNU Tools ARM Embedded\10.3-2021.10\arm-none-eabi\lib\thumb\v6-m\nofp\libc_nano.a(lib_a-memcpy-stub.o)
 .debug_frame   0x00000b94       0x20 C:\Programs\GNU Tools ARM Embedded\10.3-2021.10\arm-none-eabi\lib\thumb\v6-m\nofp\libc_nano.a(lib_a-memset.o)
 .debug_frame   0x00000bb4      0x22c C:\Programs\GNU Tools ARM Embedded\10.3-2021.10\arm-none-eabi\lib\thumb\v6-m\nofp\libc_nano.a(lib_a-mprec.o)
 .debug_frame   0x00000de0       0x2c C:\Programs\GNU Tools ARM Embedded\10.3-2021.10\arm-none-eabi\lib\thumb\v6-m\nofp\libc_nano.a(lib_a-nano-callocr.o)
 .debug_frame   0x00000e0c       0x2c C:\Programs\GNU Tools ARM Embedded\10.3-2021.10\arm-none-eabi\lib\thumb\v6-m\nofp\libc_nano.a(lib_a-nano-freer.o)
 .debug_frame   0x00000e38       0x50 C:\Programs\GNU Tools ARM Embedded\10.3-2021.10\arm-none-eabi\lib\thumb\v6-m\nofp\libc_nano.a(lib_a-nano-mallocr.o)
 .debug_frame   0x00000e88       0x9c C:\Programs\GNU Tools ARM Embedded\10.3-2021.10\arm-none-eabi\lib\thumb\v6-m\nofp\libc_nano.a(lib_a-nano-vfprintf.o)
 .debug_frame   0x00000f24       0x2c C:\Programs\GNU Tools ARM Embedded\10.3-2021.10\arm-none-eabi\lib\thumb\v6-m\nofp\libc_nano.a(lib_a-sbrkr.o)
 .debug_frame   0x00000f50       0x90 C:\Programs\GNU Tools ARM Embedded\10.3-2021.10\arm-none-eabi\lib\thumb\v6-m\nofp\libc_nano.a(lib_a-stdio.o)
 .debug_frame   0x00000fe0       0x2c C:\Programs\GNU Tools ARM Embedded\10.3-2021.10\arm-none-eabi\lib\thumb\v6-m\nofp\libc_nano.a(lib_a-writer.o)
 .debug_frame   0x0000100c       0x44 C:\Programs\GNU Tools ARM Embedded\10.3-2021.10\arm-none-eabi\lib\thumb\v6-m\nofp\libc_nano.a(lib_a-assert.o)
 .debug_frame   0x00001050       0x2c C:\Programs\GNU Tools ARM Embedded\10.3-2021.10\arm-none-eabi\lib\thumb\v6-m\nofp\libc_nano.a(lib_a-closer.o)
 .debug_frame   0x0000107c       0x4c C:\Programs\GNU Tools ARM Embedded\10.3-2021.10\arm-none-eabi\lib\thumb\v6-m\nofp\libc_nano.a(lib_a-fprintf.o)
 .debug_frame   0x000010c8       0x2c C:\Programs\GNU Tools ARM Embedded\10.3-2021.10\arm-none-eabi\lib\thumb\v6-m\nofp\libc_nano.a(lib_a-fstatr.o)
 .debug_frame   0x000010f4       0x30 C:\Programs\GNU Tools ARM Embedded\10.3-2021.10\arm-none-eabi\lib\thumb\v6-m\nofp\libc_nano.a(lib_a-fvwrite.o)
 .debug_frame   0x00001124       0x2c C:\Programs\GNU Tools ARM Embedded\10.3-2021.10\arm-none-eabi\lib\thumb\v6-m\nofp\libc_nano.a(lib_a-isattyr.o)
 .debug_frame   0x00001150       0x54 C:\Programs\GNU Tools ARM Embedded\10.3-2021.10\arm-none-eabi\lib\thumb\v6-m\nofp\libc_nano.a(lib_a-locale.o)
 .debug_frame   0x000011a4       0x2c C:\Programs\GNU Tools ARM Embedded\10.3-2021.10\arm-none-eabi\lib\thumb\v6-m\nofp\libc_nano.a(lib_a-lseekr.o)
 .debug_frame   0x000011d0       0x44 C:\Programs\GNU Tools ARM Embedded\10.3-2021.10\arm-none-eabi\lib\thumb\v6-m\nofp\libc_nano.a(lib_a-mbtowc_r.o)
 .debug_frame   0x00001214       0x28 C:\Programs\GNU Tools ARM Embedded\10.3-2021.10\arm-none-eabi\lib\thumb\v6-m\nofp\libc_nano.a(lib_a-memmove.o)
 .debug_frame   0x0000123c       0x40 C:\Programs\GNU Tools ARM Embedded\10.3-2021.10\arm-none-eabi\lib\thumb\v6-m\nofp\libc_nano.a(lib_a-mlock.o)
 .debug_frame   0x0000127c       0x34 C:\Programs\GNU Tools ARM Embedded\10.3-2021.10\arm-none-eabi\lib\thumb\v6-m\nofp\libc_nano.a(lib_a-nano-reallocr.o)
 .debug_frame   0x000012b0       0x2c C:\Programs\GNU Tools ARM Embedded\10.3-2021.10\arm-none-eabi\lib\thumb\v6-m\nofp\libc_nano.a(lib_a-readr.o)
 .debug_frame   0x000012dc       0x20 C:\Programs\GNU Tools ARM Embedded\10.3-2021.10\arm-none-eabi\lib\thumb\v6-m\nofp\libc_nano.a(lib_a-strcmp.o)
 .debug_frame   0x000012fc       0x38 C:\Programs\GNU Tools ARM Embedded\10.3-2021.10\arm-none-eabi\lib\thumb\v6-m\nofp\libc_nano.a(lib_a-wctomb_r.o)
 .debug_frame   0x00001334       0x28 C:\Programs\GNU Tools ARM Embedded\10.3-2021.10\arm-none-eabi\lib\thumb\v6-m\nofp\libc_nano.a(lib_a-abort.o)
 .debug_frame   0x0000135c       0x20 C:\Programs\GNU Tools ARM Embedded\10.3-2021.10\arm-none-eabi\lib\thumb\v6-m\nofp\libc_nano.a(lib_a-nano-msizer.o)
 .debug_frame   0x0000137c       0xe0 C:\Programs\GNU Tools ARM Embedded\10.3-2021.10\arm-none-eabi\lib\thumb\v6-m\nofp\libc_nano.a(lib_a-signal.o)
 .debug_frame   0x0000145c       0x44 C:\Programs\GNU Tools ARM Embedded\10.3-2021.10\arm-none-eabi\lib\thumb\v6-m\nofp\libc_nano.a(lib_a-signalr.o)
 .debug_frame   0x000014a0       0x20 C:\Programs\GNU Tools ARM Embedded\10.3-2021.10\lib\gcc\arm-none-eabi\10.3.1\thumb\v6-m\nofp\libgcc.a(_udivsi3.o)
 .debug_frame   0x000014c0       0x38 C:\Programs\GNU Tools ARM Embedded\10.3-2021.10\lib\gcc\arm-none-eabi\10.3.1\thumb\v6-m\nofp\libgcc.a(adddf3.o)
 .debug_frame   0x000014f8       0x3c C:\Programs\GNU Tools ARM Embedded\10.3-2021.10\lib\gcc\arm-none-eabi\10.3.1\thumb\v6-m\nofp\libgcc.a(divdf3.o)
 .debug_frame   0x00001534       0x38 C:\Programs\GNU Tools ARM Embedded\10.3-2021.10\lib\gcc\arm-none-eabi\10.3.1\thumb\v6-m\nofp\libgcc.a(eqdf2.o)
 .debug_frame   0x0000156c       0x34 C:\Programs\GNU Tools ARM Embedded\10.3-2021.10\lib\gcc\arm-none-eabi\10.3.1\thumb\v6-m\nofp\libgcc.a(gedf2.o)
 .debug_frame   0x000015a0       0x34 C:\Programs\GNU Tools ARM Embedded\10.3-2021.10\lib\gcc\arm-none-eabi\10.3.1\thumb\v6-m\nofp\libgcc.a(ledf2.o)
 .debug_frame   0x000015d4       0x3c C:\Programs\GNU Tools ARM Embedded\10.3-2021.10\lib\gcc\arm-none-eabi\10.3.1\thumb\v6-m\nofp\libgcc.a(subdf3.o)
 .debug_frame   0x00001610       0x2c C:\Programs\GNU Tools ARM Embedded\10.3-2021.10\lib\gcc\arm-none-eabi\10.3.1\thumb\v6-m\nofp\libgcc.a(unorddf2.o)
 .debug_frame   0x0000163c       0x2c C:\Programs\GNU Tools ARM Embedded\10.3-2021.10\lib\gcc\arm-none-eabi\10.3.1\thumb\v6-m\nofp\libgcc.a(fixdfsi.o)